Component: ARM Compiler 5.06 update 7 (build 960) Tool: armlink [4d3601]

==============================================================================

Section Cross References

    main.o(.text) refers to stm32f4xx_rcc.o(.text) for RCC_AHB1PeriphClockCmd
    main.o(.text) refers to stm32f4xx_gpio.o(.text) for GPIO_Init
    main.o(.text) refers to delay.o(.text) for systick_CountInit
    main.o(.text) refers to adc.o(.text) for ADC_Common_Init
    main.o(.text) refers to timer.o(.text) for TIM4_Init
    main.o(.text) refers to usart0.o(.text) for USART0_Init
    main.o(.text) refers to flashrw.o(.text) for read_from_flash
    main.o(.text) refers to motorinit.o(.text) for MotorInit
    main.o(.text) refers to lowsidecurrentsense.o(.text) for ADC_Init_synch
    main.o(.text) refers to estimate.o(.text) for Pos_Esti_Init
    main.o(.text) refers to usermain.o(.text) for Pgy_Init
    main.o(.text) refers to printfa.o(i.__0printf) for __2printf
    main.o(.text) refers to atof.o(i.__hardfp_atof) for __hardfp_atof
    main.o(.text) refers to d2f.o(.text) for __aeabi_d2f
    main.o(.text) refers to protection.o(.text) for MosShut
    main.o(.text) refers to memseta.o(.text) for __aeabi_memclr
    main.o(.text) refers to orthpll.o(.bss) for OrthATOCALIB
    main.o(.text) refers to usart0.o(.data) for rcv0_flag
    main.o(.text) refers to usart0.o(.bss) for rcv0_buff
    main.o(.text) refers to foc_utils.o(.data) for motor_status
    main.o(.text) refers to foc_utils.o(.bss) for M0
    system_stm32f4xx.o(.text) refers to system_stm32f4xx.o(.data) for SystemCoreClock
    startup_stm32f40_41xxx.o(RESET) refers to startup_stm32f40_41xxx.o(STACK) for __initial_sp
    startup_stm32f40_41xxx.o(RESET) refers to startup_stm32f40_41xxx.o(.text) for Reset_Handler
    startup_stm32f40_41xxx.o(RESET) refers to stm32f4xx_it.o(.text) for NMI_Handler
    startup_stm32f40_41xxx.o(RESET) refers to delay.o(.text) for SysTick_Handler
    startup_stm32f40_41xxx.o(RESET) refers to adc.o(.text) for ADC_IRQHandler
    startup_stm32f40_41xxx.o(RESET) refers to tamagawa.o(.text) for USART3_IRQHandler
    startup_stm32f40_41xxx.o(RESET) refers to abz.o(.text) for EXTI15_10_IRQHandler
    startup_stm32f40_41xxx.o(RESET) refers to usart0.o(.text) for DMA2_Stream7_IRQHandler
    startup_stm32f40_41xxx.o(.text) refers to system_stm32f4xx.o(.text) for SystemInit
    startup_stm32f40_41xxx.o(.text) refers to entry.o(.ARM.Collect$$$$00000000) for __main
    stm32f4xx_adc.o(.text) refers to stm32f4xx_rcc.o(.text) for RCC_APB2PeriphResetCmd
    stm32f4xx_can.o(.text) refers to stm32f4xx_rcc.o(.text) for RCC_APB1PeriphResetCmd
    stm32f4xx_cryp.o(.text) refers to stm32f4xx_rcc.o(.text) for RCC_AHB2PeriphResetCmd
    stm32f4xx_cryp_aes.o(.text) refers to stm32f4xx_cryp.o(.text) for CRYP_KeyStructInit
    stm32f4xx_cryp_des.o(.text) refers to stm32f4xx_cryp.o(.text) for CRYP_KeyStructInit
    stm32f4xx_cryp_tdes.o(.text) refers to stm32f4xx_cryp.o(.text) for CRYP_KeyStructInit
    stm32f4xx_dac.o(.text) refers to stm32f4xx_rcc.o(.text) for RCC_APB1PeriphResetCmd
    stm32f4xx_dma2d.o(.text) refers to stm32f4xx_rcc.o(.text) for RCC_AHB1PeriphResetCmd
    stm32f4xx_fsmc.o(.text) refers to stm32f4xx_fsmc.o(.constdata) for FSMC_DefaultTimingStruct
    stm32f4xx_gpio.o(.text) refers to stm32f4xx_rcc.o(.text) for RCC_AHB1PeriphResetCmd
    stm32f4xx_hash.o(.text) refers to stm32f4xx_rcc.o(.text) for RCC_AHB2PeriphResetCmd
    stm32f4xx_hash_md5.o(.text) refers to stm32f4xx_hash.o(.text) for HASH_DeInit
    stm32f4xx_hash_sha1.o(.text) refers to stm32f4xx_hash.o(.text) for HASH_DeInit
    stm32f4xx_i2c.o(.text) refers to stm32f4xx_rcc.o(.text) for RCC_APB1PeriphResetCmd
    stm32f4xx_ltdc.o(.text) refers to stm32f4xx_rcc.o(.text) for RCC_APB2PeriphResetCmd
    stm32f4xx_pwr.o(.text) refers to stm32f4xx_rcc.o(.text) for RCC_APB1PeriphResetCmd
    stm32f4xx_rcc.o(.text) refers to stm32f4xx_rcc.o(.data) for APBAHBPrescTable
    stm32f4xx_rng.o(.text) refers to stm32f4xx_rcc.o(.text) for RCC_AHB2PeriphResetCmd
    stm32f4xx_sai.o(.text) refers to stm32f4xx_rcc.o(.text) for RCC_APB2PeriphResetCmd
    stm32f4xx_sdio.o(.text) refers to stm32f4xx_rcc.o(.text) for RCC_APB2PeriphResetCmd
    stm32f4xx_spi.o(.text) refers to stm32f4xx_rcc.o(.text) for RCC_APB2PeriphResetCmd
    stm32f4xx_syscfg.o(.text) refers to stm32f4xx_rcc.o(.text) for RCC_APB2PeriphResetCmd
    stm32f4xx_tim.o(.text) refers to stm32f4xx_rcc.o(.text) for RCC_APB2PeriphResetCmd
    stm32f4xx_usart.o(.text) refers to stm32f4xx_rcc.o(.text) for RCC_APB2PeriphResetCmd
    stm32f4xx_wwdg.o(.text) refers to stm32f4xx_rcc.o(.text) for RCC_APB1PeriphResetCmd
    protection.o(.text) refers to stm32f4xx_gpio.o(.text) for GPIO_Init
    protection.o(.text) refers to f2d.o(.text) for __aeabi_f2d
    protection.o(.text) refers to fabs.o(i.__hardfp_fabs) for __hardfp_fabs
    protection.o(.text) refers to cdrcmple.o(.text) for __aeabi_cdrcmple
[...]
    TIM3_IRQHandler                          0x080005ef   Thumb Code     0  startup_stm32f40_41xxx.o(.text)
    TIM6_DAC_IRQHandler                      0x080005ef   Thumb Code     0  startup_stm32f40_41xxx.o(.text)
    TIM7_IRQHandler                          0x080005ef   Thumb Code     0  startup_stm32f40_41xxx.o(.text)
    TIM8_BRK_TIM12_IRQHandler                0x080005ef   Thumb Code     0  startup_stm32f40_41xxx.o(.text)
    TIM8_CC_IRQHandler                       0x080005ef   Thumb Code     0  startup_stm32f40_41xxx.o(.text)
    TIM8_TRG_COM_TIM14_IRQHandler            0x080005ef   Thumb Code     0  startup_stm32f40_41xxx.o(.text)
    TIM8_UP_TIM13_IRQHandler                 0x080005ef   Thumb Code     0  startup_stm32f40_41xxx.o(.text)
    UART4_IRQHandler                         0x080005ef   Thumb Code     0  startup_stm32f40_41xxx.o(.text)
    UART5_IRQHandler                         0x080005ef   Thumb Code     0  startup_stm32f40_41xxx.o(.text)
    USART1_IRQHandler                        0x080005ef   Thumb Code     0  startup_stm32f40_41xxx.o(.text)
    USART2_IRQHandler                        0x080005ef   Thumb Code     0  startup_stm32f40_41xxx.o(.text)
    USART6_IRQHandler                        0x080005ef   Thumb Code     0  startup_stm32f40_41xxx.o(.text)
    WWDG_IRQHandler                          0x080005ef   Thumb Code     0  startup_stm32f40_41xxx.o(.text)
    NVIC_PriorityGroupConfig                 0x080005f9   Thumb Code    10  misc.o(.text)
    NVIC_Init                                0x08000603   Thumb Code   106  misc.o(.text)
    NVIC_SetVectorTable                      0x0800066d   Thumb Code    14  misc.o(.text)
    NVIC_SystemLPConfig                      0x0800067b   Thumb Code    34  misc.o(.text)
    SysTick_CLKSourceConfig                  0x0800069d   Thumb Code    40  misc.o(.text)
    ADC_DeInit                               0x080006d9   Thumb Code    22  stm32f4xx_adc.o(.text)
    ADC_Init                                 0x080006ef   Thumb Code    74  stm32f4xx_adc.o(.text)
    ADC_StructInit                           0x08000739   Thumb Code    20  stm32f4xx_adc.o(.text)
    ADC_CommonInit                           0x0800074d   Thumb Code    34  stm32f4xx_adc.o(.text)
    ADC_CommonStructInit                     0x0800076f   Thumb Code    12  stm32f4xx_adc.o(.text)
    ADC_Cmd                                  0x0800077b   Thumb Code    22  stm32f4xx_adc.o(.text)
    ADC_AnalogWatchdogCmd                    0x08000791   Thumb Code    16  stm32f4xx_adc.o(.text)
    ADC_AnalogWatchdogThresholdsConfig       0x080007a1   Thumb Code     6  stm32f4xx_adc.o(.text)
    ADC_AnalogWatchdogSingleChannelConfig    0x080007a7   Thumb Code    16  stm32f4xx_adc.o(.text)
    ADC_TempSensorVrefintCmd                 0x080007b7   Thumb Code    34  stm32f4xx_adc.o(.text)
    ADC_VBATCmd                              0x080007d9   Thumb Code    34  stm32f4xx_adc.o(.text)
    ADC_RegularChannelConfig                 0x080007fb   Thumb Code   184  stm32f4xx_adc.o(.text)
    ADC_SoftwareStartConv                    0x080008b3   Thumb Code    10  stm32f4xx_adc.o(.text)
    ADC_GetSoftwareStartConvStatus           0x080008bd   Thumb Code    20  stm32f4xx_adc.o(.text)
    ADC_EOCOnEachRegularChannelCmd           0x080008d1   Thumb Code    22  stm32f4xx_adc.o(.text)
    ADC_ContinuousModeCmd                    0x080008e7   Thumb Code    22  stm32f4xx_adc.o(.text)
    ADC_DiscModeChannelCountConfig           0x080008fd   Thumb Code    24  stm32f4xx_adc.o(.text)
    ADC_DiscModeCmd                          0x08000915   Thumb Code    22  stm32f4xx_adc.o(.text)
    ADC_GetConversionValue                   0x0800092b   Thumb Code     8  stm32f4xx_adc.o(.text)
    ADC_GetMultiModeConversionValue          0x08000933   Thumb Code     8  stm32f4xx_adc.o(.text)
    ADC_DMACmd                               0x0800093b   Thumb Code    22  stm32f4xx_adc.o(.text)
    ADC_DMARequestAfterLastTransferCmd       0x08000951   Thumb Code    22  stm32f4xx_adc.o(.text)
    ADC_MultiModeDMARequestAfterLastTransferCmd 0x08000967   Thumb Code    34  stm32f4xx_adc.o(.text)
    ADC_InjectedChannelConfig                0x08000989   Thumb Code   130  stm32f4xx_adc.o(.text)
    ADC_InjectedSequencerLengthConfig        0x08000a0b   Thumb Code    24  stm32f4xx_adc.o(.text)
    ADC_SetInjectedOffset                    0x08000a23   Thumb Code    20  stm32f4xx_adc.o(.text)
    ADC_ExternalTrigInjectedConvConfig       0x08000a37   Thumb Code    16  stm32f4xx_adc.o(.text)
    ADC_ExternalTrigInjectedConvEdgeConfig   0x08000a47   Thumb Code    16  stm32f4xx_adc.o(.text)
    ADC_SoftwareStartInjectedConv            0x08000a57   Thumb Code    10  stm32f4xx_adc.o(.text)
    ADC_GetSoftwareStartInjectedConvCmdStatus 0x08000a61   Thumb Code    20  stm32f4xx_adc.o(.text)
    ADC_AutoInjectedConvCmd                  0x08000a75   Thumb Code    22  stm32f4xx_adc.o(.text)
    ADC_InjectedDiscModeCmd                  0x08000a8b   Thumb Code    22  stm32f4xx_adc.o(.text)
    ADC_GetInjectedConversionValue           0x08000aa1   Thumb Code    28  stm32f4xx_adc.o(.text)
    ADC_ITConfig                             0x08000abd   Thumb Code    56  stm32f4xx_adc.o(.text)
    ADC_GetFlagStatus                        0x08000af5   Thumb Code    18  stm32f4xx_adc.o(.text)
    ADC_ClearFlag                            0x08000b07   Thumb Code     6  stm32f4xx_adc.o(.text)
    ADC_GetITStatus                          0x08000b0d   Thumb Code    38  stm32f4xx_adc.o(.text)
    ADC_ClearITPendingBit                    0x08000b33   Thumb Code    10  stm32f4xx_adc.o(.text)
    DMA_DeInit                               0x08000b3d   Thumb Code   324  stm32f4xx_dma.o(.text)
    DMA_Init                                 0x08000c81   Thumb Code    82  stm32f4xx_dma.o(.text)
    DMA_StructInit                           0x08000cd3   Thumb Code    34  stm32f4xx_dma.o(.text)
    DMA_Cmd                                  0x08000cf5   Thumb Code    22  stm32f4xx_dma.o(.text)
    DMA_PeriphIncOffsetSizeConfig            0x08000d0b   Thumb Code    22  stm32f4xx_dma.o(.text)
    DMA_FlowControllerConfig                 0x08000d21   Thumb Code    22  stm32f4xx_dma.o(.text)
    DMA_SetCurrDataCounter                   0x08000d37   Thumb Code     4  stm32f4xx_dma.o(.text)
    DMA_GetCurrDataCounter                   0x08000d3b   Thumb Code     8  stm32f4xx_dma.o(.text)
    DMA_DoubleBufferModeConfig               0x08000d43   Thumb Code    24  stm32f4xx_dma.o(.text)
    DMA_DoubleBufferModeCmd                  0x08000d5b   Thumb Code    22  stm32f4xx_dma.o(.text)
    DMA_MemoryTargetConfig                   0x08000d71   Thumb Code    10  stm32f4xx_dma.o(.text)
    DMA_GetCurrentMemoryTarget               0x08000d7b   Thumb Code    20  stm32f4xx_dma.o(.text)
    DMA_GetCmdStatus                         0x08000d8f   Thumb Code    20  stm32f4xx_dma.o(.text)
    DMA_GetFIFOStatus                        0x08000da3   Thumb Code    12  stm32f4xx_dma.o(.text)
    DMA_GetFlagStatus                        0x08000daf   Thumb Code    56  stm32f4xx_dma.o(.text)
    DMA_ClearFlag                            0x08000de7   Thumb Code    40  stm32f4xx_dma.o(.text)
    DMA_ITConfig                             0x08000e0f   Thumb Code    58  stm32f4xx_dma.o(.text)
    DMA_GetITStatus                          0x08000e49   Thumb Code    84  stm32f4xx_dma.o(.text)
    DMA_ClearITPendingBit                    0x08000e9d   Thumb Code    40  stm32f4xx_dma.o(.text)
    EXTI_DeInit                              0x08000ee5   Thumb Code    28  stm32f4xx_exti.o(.text)
    EXTI_Init                                0x08000f01   Thumb Code   142  stm32f4xx_exti.o(.text)
    EXTI_StructInit                          0x08000f8f   Thumb Code    16  stm32f4xx_exti.o(.text)
    EXTI_GenerateSWInterrupt                 0x08000f9f   Thumb Code    16  stm32f4xx_exti.o(.text)
    EXTI_GetFlagStatus                       0x08000faf   Thumb Code    22  stm32f4xx_exti.o(.text)
    EXTI_ClearFlag                           0x08000fc5   Thumb Code     8  stm32f4xx_exti.o(.text)
    EXTI_GetITStatus                         0x08000fcd   Thumb Code    22  stm32f4xx_exti.o(.text)
    EXTI_ClearITPendingBit                   0x08000fe3   Thumb Code     8  stm32f4xx_exti.o(.text)
    FLASH_SetLatency                         0x08000ff5   Thumb Code     6  stm32f4xx_flash.o(.text)
    FLASH_PrefetchBufferCmd                  0x08000ffb   Thumb Code    30  stm32f4xx_flash.o(.text)
    FLASH_InstructionCacheCmd                0x08001019   Thumb Code    30  stm32f4xx_flash.o(.text)
    FLASH_DataCacheCmd                       0x08001037   Thumb Code    30  stm32f4xx_flash.o(.text)
    FLASH_InstructionCacheReset              0x08001055   Thumb Code    14  stm32f4xx_flash.o(.text)
    FLASH_DataCacheReset                     0x08001063   Thumb Code    14  stm32f4xx_flash.o(.text)
    FLASH_Unlock                             0x08001071   Thumb Code    26  stm32f4xx_flash.o(.text)
    FLASH_Lock                               0x0800108b   Thumb Code    18  stm32f4xx_flash.o(.text)
    FLASH_GetStatus                          0x0800109d   Thumb Code    90  stm32f4xx_flash.o(.text)
    FLASH_WaitForLastOperation               0x080010f7   Thumb Code    34  stm32f4xx_flash.o(.text)
    FLASH_EraseSector                        0x08001119   Thumb Code   140  stm32f4xx_flash.o(.text)
    FLASH_EraseAllSectors                    0x080011a5   Thumb Code   112  stm32f4xx_flash.o(.text)
    FLASH_EraseAllBank1Sectors               0x08001215   Thumb Code   112  stm32f4xx_flash.o(.text)
    FLASH_EraseAllBank2Sectors               0x08001285   Thumb Code   112  stm32f4xx_flash.o(.text)
    FLASH_ProgramDoubleWord                  0x080012f5   Thumb Code    86  stm32f4xx_flash.o(.text)
    FLASH_ProgramWord                        0x0800134b   Thumb Code    82  stm32f4xx_flash.o(.text)
    FLASH_ProgramHalfWord                    0x0800139d   Thumb Code    96  stm32f4xx_flash.o(.text)
    FLASH_ProgramByte                        0x080013fd   Thumb Code    70  stm32f4xx_flash.o(.text)
    FLASH_OB_Unlock                          0x08001443   Thumb Code    26  stm32f4xx_flash.o(.text)
    FLASH_OB_Lock                            0x0800145d   Thumb Code    18  stm32f4xx_flash.o(.text)
    FLASH_OB_WRPConfig                       0x0800146f   Thumb Code    54  stm32f4xx_flash.o(.text)
    FLASH_OB_WRP1Config                      0x080014a5   Thumb Code    54  stm32f4xx_flash.o(.text)
    FLASH_OB_PCROPSelectionConfig            0x080014db   Thumb Code    24  stm32f4xx_flash.o(.text)
    FLASH_OB_PCROPConfig                     0x080014f3   Thumb Code    54  stm32f4xx_flash.o(.text)
    FLASH_OB_PCROP1Config                    0x08001529   Thumb Code    54  stm32f4xx_flash.o(.text)
    FLASH_OB_RDPConfig                       0x0800155f   Thumb Code    24  stm32f4xx_flash.o(.text)
    FLASH_OB_UserConfig                      0x08001577   Thumb Code    46  stm32f4xx_flash.o(.text)
    FLASH_OB_BootConfig                      0x080015a5   Thumb Code    26  stm32f4xx_flash.o(.text)
    FLASH_OB_BORConfig                       0x080015bf   Thumb Code    26  stm32f4xx_flash.o(.text)
    FLASH_OB_Launch                          0x080015d9   Thumb Code    30  stm32f4xx_flash.o(.text)
    FLASH_OB_GetUser                         0x080015f7   Thumb Code    12  stm32f4xx_flash.o(.text)
    FLASH_OB_GetWRP                          0x08001603   Thumb Code     8  stm32f4xx_flash.o(.text)
    FLASH_OB_GetWRP1                         0x0800160b   Thumb Code     8  stm32f4xx_flash.o(.text)
    FLASH_OB_GetPCROP                        0x08001613   Thumb Code     8  stm32f4xx_flash.o(.text)
    FLASH_OB_GetPCROP1                       0x0800161b   Thumb Code     8  stm32f4xx_flash.o(.text)
    FLASH_OB_GetRDP                          0x08001623   Thumb Code    20  stm32f4xx_flash.o(.text)
    FLASH_OB_GetBOR                          0x08001637   Thumb Code    12  stm32f4xx_flash.o(.text)
    FLASH_ITConfig                           0x08001643   Thumb Code    26  stm32f4xx_flash.o(.text)
    FLASH_GetFlagStatus                      0x0800165d   Thumb Code    22  stm32f4xx_flash.o(.text)
    FLASH_ClearFlag                          0x08001673   Thumb Code     8  stm32f4xx_flash.o(.text)
    GPIO_DeInit                              0x08001689   Thumb Code   268  stm32f4xx_gpio.o(.text)
    GPIO_Init                                0x08001795   Thumb Code   144  stm32f4xx_gpio.o(.text)
    GPIO_StructInit                          0x08001825   Thumb Code    18  stm32f4xx_gpio.o(.text)
    GPIO_PinLockConfig                       0x08001837   Thumb Code    34  stm32f4xx_gpio.o(.text)
    GPIO_ReadInputDataBit                    0x08001859   Thumb Code    18  stm32f4xx_gpio.o(.text)
    GPIO_ReadInputData                       0x0800186b   Thumb Code     8  stm32f4xx_gpio.o(.text)
    GPIO_ReadOutputDataBit                   0x08001873   Thumb Code    18  stm32f4xx_gpio.o(.text)
    GPIO_ReadOutputData                      0x08001885   Thumb Code     8  stm32f4xx_gpio.o(.text)
    GPIO_SetBits                             0x0800188d   Thumb Code     4  stm32f4xx_gpio.o(.text)
    GPIO_ResetBits                           0x08001891   Thumb Code     4  stm32f4xx_gpio.o(.text)
    GPIO_WriteBit                            0x08001895   Thumb Code    10  stm32f4xx_gpio.o(.text)
    GPIO_Write                               0x0800189f   Thumb Code     4  stm32f4xx_gpio.o(.text)
    GPIO_ToggleBits                          0x080018a3   Thumb Code     8  stm32f4xx_gpio.o(.text)
    GPIO_PinAFConfig                         0x080018ab   Thumb Code    70  stm32f4xx_gpio.o(.text)
    I2C_DeInit                               0x0800191d   Thumb Code    82  stm32f4xx_i2c.o(.text)
    I2C_Init                                 0x0800196f   Thumb Code   218  stm32f4xx_i2c.o(.text)
    I2C_StructInit                           0x08001a49   Thumb Code    30  stm32f4xx_i2c.o(.text)
    I2C_Cmd                                  0x08001a67   Thumb Code    24  stm32f4xx_i2c.o(.text)
    I2C_AnalogFilterCmd                      0x08001a7f   Thumb Code    24  stm32f4xx_i2c.o(.text)
    I2C_DigitalFilterConfig                  0x08001a97   Thumb Code    22  stm32f4xx_i2c.o(.text)
    I2C_GenerateSTART                        0x08001aad   Thumb Code    24  stm32f4xx_i2c.o(.text)
    I2C_GenerateSTOP                         0x08001ac5   Thumb Code    24  stm32f4xx_i2c.o(.text)
    I2C_Send7bitAddress                      0x08001add   Thumb Code    16  stm32f4xx_i2c.o(.text)
    I2C_AcknowledgeConfig                    0x08001aed   Thumb Code    24  stm32f4xx_i2c.o(.text)
    I2C_OwnAddress2Config                    0x08001b05   Thumb Code    22  stm32f4xx_i2c.o(.text)
    I2C_DualAddressCmd                       0x08001b1b   Thumb Code    24  stm32f4xx_i2c.o(.text)
    I2C_GeneralCallCmd                       0x08001b33   Thumb Code    24  stm32f4xx_i2c.o(.text)
    I2C_SoftwareResetCmd                     0x08001b4b   Thumb Code    22  stm32f4xx_i2c.o(.text)
    I2C_StretchClockCmd                      0x08001b61   Thumb Code    24  stm32f4xx_i2c.o(.text)
    I2C_FastModeDutyCycleConfig              0x08001b79   Thumb Code    28  stm32f4xx_i2c.o(.text)
    I2C_NACKPositionConfig                   0x08001b95   Thumb Code    28  stm32f4xx_i2c.o(.text)
    I2C_SMBusAlertConfig                     0x08001bb1   Thumb Code    28  stm32f4xx_i2c.o(.text)
    I2C_ARPCmd                               0x08001bcd   Thumb Code    24  stm32f4xx_i2c.o(.text)
    I2C_SendData                             0x08001be5   Thumb Code     4  stm32f4xx_i2c.o(.text)
    I2C_ReceiveData                          0x08001be9   Thumb Code     8  stm32f4xx_i2c.o(.text)
    I2C_TransmitPEC                          0x08001bf1   Thumb Code    24  stm32f4xx_i2c.o(.text)
    I2C_PECPositionConfig                    0x08001c09   Thumb Code    28  stm32f4xx_i2c.o(.text)
    I2C_CalculatePEC                         0x08001c25   Thumb Code    24  stm32f4xx_i2c.o(.text)
    I2C_GetPEC                               0x08001c3d   Thumb Code     8  stm32f4xx_i2c.o(.text)
    I2C_DMACmd                               0x08001c45   Thumb Code    24  stm32f4xx_i2c.o(.text)
    I2C_DMALastTransferCmd                   0x08001c5d   Thumb Code    24  stm32f4xx_i2c.o(.text)
    I2C_ReadRegister                         0x08001c75   Thumb Code    22  stm32f4xx_i2c.o(.text)
    I2C_ITConfig                             0x08001c8b   Thumb Code    18  stm32f4xx_i2c.o(.text)
    I2C_CheckEvent                           0x08001c9d   Thumb Code    42  stm32f4xx_i2c.o(.text)
    I2C_GetLastEvent                         0x08001cc7   Thumb Code    26  stm32f4xx_i2c.o(.text)
    I2C_GetFlagStatus                        0x08001ce1   Thumb Code    84  stm32f4xx_i2c.o(.text)
    I2C_ClearFlag                            0x08001d35   Thumb Code    12  stm32f4xx_i2c.o(.text)
    I2C_GetITStatus                          0x08001d41   Thumb Code    38  stm32f4xx_i2c.o(.text)
    I2C_ClearITPendingBit                    0x08001d67   Thumb Code    12  stm32f4xx_i2c.o(.text)
    IWDG_WriteAccessCmd                      0x08001d75   Thumb Code     6  stm32f4xx_iwdg.o(.text)
    IWDG_SetPrescaler                        0x08001d7b   Thumb Code     6  stm32f4xx_iwdg.o(.text)
    IWDG_SetReload                           0x08001d81   Thumb Code     6  stm32f4xx_iwdg.o(.text)
    IWDG_ReloadCounter                       0x08001d87   Thumb Code    10  stm32f4xx_iwdg.o(.text)
    IWDG_Enable                              0x08001d91   Thumb Code    10  stm32f4xx_iwdg.o(.text)
    IWDG_GetFlagStatus                       0x08001d9b   Thumb Code    20  stm32f4xx_iwdg.o(.text)
    RCC_DeInit                               0x08001db5   Thumb Code    82  stm32f4xx_rcc.o(.text)
    RCC_HSEConfig                            0x08001e07   Thumb Code    14  stm32f4xx_rcc.o(.text)
    RCC_GetFlagStatus                        0x08001e15   Thumb Code    60  stm32f4xx_rcc.o(.text)
    RCC_WaitForHSEStartUp                    0x08001e51   Thumb Code    56  stm32f4xx_rcc.o(.text)
    RCC_AdjustHSICalibrationValue            0x08001e89   Thumb Code    20  stm32f4xx_rcc.o(.text)
    RCC_HSICmd                               0x08001e9d   Thumb Code     6  stm32f4xx_rcc.o(.text)
    RCC_LSEConfig                            0x08001ea3   Thumb Code    46  stm32f4xx_rcc.o(.text)
    RCC_LSICmd                               0x08001ed1   Thumb Code     6  stm32f4xx_rcc.o(.text)
    RCC_PLLConfig                            0x08001ed7   Thumb Code    32  stm32f4xx_rcc.o(.text)
    RCC_PLLCmd                               0x08001ef7   Thumb Code     6  stm32f4xx_rcc.o(.text)
    RCC_PLLI2SConfig                         0x08001efd   Thumb Code    14  stm32f4xx_rcc.o(.text)
    RCC_PLLI2SCmd                            0x08001f0b   Thumb Code     6  stm32f4xx_rcc.o(.text)
    RCC_PLLSAIConfig                         0x08001f11   Thumb Code    20  stm32f4xx_rcc.o(.text)
    RCC_PLLSAICmd                            0x08001f25   Thumb Code     6  stm32f4xx_rcc.o(.text)
    RCC_ClockSecuritySystemCmd               0x08001f2b   Thumb Code     6  stm32f4xx_rcc.o(.text)
    RCC_MCO1Config                           0x08001f31   Thumb Code    28  stm32f4xx_rcc.o(.text)
    RCC_MCO2Config                           0x08001f4d   Thumb Code    28  stm32f4xx_rcc.o(.text)
    RCC_SYSCLKConfig                         0x08001f69   Thumb Code    20  stm32f4xx_rcc.o(.text)
    RCC_GetSYSCLKSource                      0x08001f7d   Thumb Code    12  stm32f4xx_rcc.o(.text)
    RCC_HCLKConfig                           0x08001f89   Thumb Code    20  stm32f4xx_rcc.o(.text)
    RCC_PCLK1Config                          0x08001f9d   Thumb Code    20  stm32f4xx_rcc.o(.text)
    RCC_PCLK2Config                          0x08001fb1   Thumb Code    22  stm32f4xx_rcc.o(.text)
    RCC_GetClocksFreq                        0x08001fc7   Thumb Code   222  stm32f4xx_rcc.o(.text)
    RCC_RTCCLKConfig                         0x080020a5   Thumb Code    54  stm32f4xx_rcc.o(.text)
    RCC_RTCCLKCmd                            0x080020db   Thumb Code     8  stm32f4xx_rcc.o(.text)
    RCC_BackupResetCmd                       0x080020e3   Thumb Code     8  stm32f4xx_rcc.o(.text)
    RCC_I2SCLKConfig                         0x080020eb   Thumb Code     6  stm32f4xx_rcc.o(.text)
    RCC_SAIPLLI2SClkDivConfig                0x080020f1   Thumb Code    26  stm32f4xx_rcc.o(.text)
    RCC_SAIPLLSAIClkDivConfig                0x0800210b   Thumb Code    28  stm32f4xx_rcc.o(.text)
    RCC_SAIBlockACLKConfig                   0x08002127   Thumb Code    20  stm32f4xx_rcc.o(.text)
    RCC_SAIBlockBCLKConfig                   0x0800213b   Thumb Code    20  stm32f4xx_rcc.o(.text)
    RCC_LTDCCLKDivConfig                     0x0800214f   Thumb Code    20  stm32f4xx_rcc.o(.text)
    RCC_TIMCLKPresConfig                     0x08002163   Thumb Code     6  stm32f4xx_rcc.o(.text)
    RCC_AHB1PeriphClockCmd                   0x08002169   Thumb Code    34  stm32f4xx_rcc.o(.text)
    RCC_AHB2PeriphClockCmd                   0x0800218b   Thumb Code    78  stm32f4xx_rcc.o(.text)
    RCC_AHB3PeriphClockCmd                   0x080021d9   Thumb Code    34  stm32f4xx_rcc.o(.text)
    RCC_APB1PeriphClockCmd                   0x080021fb   Thumb Code    34  stm32f4xx_rcc.o(.text)
    RCC_APB2PeriphClockCmd                   0x0800221d   Thumb Code    34  stm32f4xx_rcc.o(.text)
    RCC_AHB1PeriphResetCmd                   0x0800223f   Thumb Code    34  stm32f4xx_rcc.o(.text)
    RCC_AHB2PeriphResetCmd                   0x08002261   Thumb Code    34  stm32f4xx_rcc.o(.text)
    RCC_AHB3PeriphResetCmd                   0x08002283   Thumb Code    34  stm32f4xx_rcc.o(.text)
    RCC_APB1PeriphResetCmd                   0x080022a5   Thumb Code    34  stm32f4xx_rcc.o(.text)
    RCC_APB2PeriphResetCmd                   0x080022c7   Thumb Code    34  stm32f4xx_rcc.o(.text)
    RCC_AHB1PeriphClockLPModeCmd             0x080022e9   Thumb Code    34  stm32f4xx_rcc.o(.text)
    RCC_AHB2PeriphClockLPModeCmd             0x0800230b   Thumb Code    34  stm32f4xx_rcc.o(.text)
    RCC_AHB3PeriphClockLPModeCmd             0x0800232d   Thumb Code    34  stm32f4xx_rcc.o(.text)
    RCC_APB1PeriphClockLPModeCmd             0x0800234f   Thumb Code    34  stm32f4xx_rcc.o(.text)
    RCC_APB2PeriphClockLPModeCmd             0x08002371   Thumb Code    34  stm32f4xx_rcc.o(.text)
    RCC_LSEModeConfig                        0x08002393   Thumb Code    40  stm32f4xx_rcc.o(.text)
    RCC_ITConfig                             0x080023bb   Thumb Code    34  stm32f4xx_rcc.o(.text)
    RCC_ClearFlag                            0x080023dd   Thumb Code    18  stm32f4xx_rcc.o(.text)
    RCC_GetITStatus                          0x080023ef   Thumb Code    22  stm32f4xx_rcc.o(.text)
    RCC_ClearITPendingBit                    0x08002405   Thumb Code     8  stm32f4xx_rcc.o(.text)
    SYSCFG_DeInit                            0x08002411   Thumb Code    22  stm32f4xx_syscfg.o(.text)
    SYSCFG_MemoryRemapConfig                 0x08002427   Thumb Code     6  stm32f4xx_syscfg.o(.text)
    SYSCFG_MemorySwappingBank                0x0800242d   Thumb Code     6  stm32f4xx_syscfg.o(.text)
    SYSCFG_EXTILineConfig                    0x08002433   Thumb Code    66  stm32f4xx_syscfg.o(.text)
    SYSCFG_ETH_MediaInterfaceConfig          0x08002475   Thumb Code     8  stm32f4xx_syscfg.o(.text)
    SYSCFG_CompensationCellCmd               0x0800247d   Thumb Code     6  stm32f4xx_syscfg.o(.text)
    SYSCFG_GetCompensationCellStatus         0x08002483   Thumb Code    22  stm32f4xx_syscfg.o(.text)
    TIM_DeInit                               0x080024a5   Thumb Code   346  stm32f4xx_tim.o(.text)
    TIM_TimeBaseInit                         0x080025ff   Thumb Code   104  stm32f4xx_tim.o(.text)
    TIM_TimeBaseStructInit                   0x08002667   Thumb Code    18  stm32f4xx_tim.o(.text)
    TIM_PrescalerConfig                      0x08002679   Thumb Code     6  stm32f4xx_tim.o(.text)
    TIM_CounterModeConfig                    0x0800267f   Thumb Code    18  stm32f4xx_tim.o(.text)
    TIM_SetCounter                           0x08002691   Thumb Code     4  stm32f4xx_tim.o(.text)
    TIM_SetAutoreload                        0x08002695   Thumb Code     4  stm32f4xx_tim.o(.text)
    TIM_GetCounter                           0x08002699   Thumb Code     6  stm32f4xx_tim.o(.text)
    TIM_GetPrescaler                         0x0800269f   Thumb Code     6  stm32f4xx_tim.o(.text)
    TIM_UpdateDisableConfig                  0x080026a5   Thumb Code    24  stm32f4xx_tim.o(.text)
    TIM_UpdateRequestConfig                  0x080026bd   Thumb Code    24  stm32f4xx_tim.o(.text)
    TIM_ARRPreloadConfig                     0x080026d5   Thumb Code    24  stm32f4xx_tim.o(.text)
    TIM_SelectOnePulseMode                   0x080026ed   Thumb Code    18  stm32f4xx_tim.o(.text)
    TIM_SetClockDivision                     0x080026ff   Thumb Code    18  stm32f4xx_tim.o(.text)
    TIM_Cmd                                  0x08002711   Thumb Code    24  stm32f4xx_tim.o(.text)
    TIM_OC1Init                              0x08002729   Thumb Code   114  stm32f4xx_tim.o(.text)
    TIM_OC2Init                              0x0800279b   Thumb Code   154  stm32f4xx_tim.o(.text)
    TIM_OC3Init                              0x08002835   Thumb Code   204  stm32f4xx_tim.o(.text)
    TIM_OC4Init                              0x08002901   Thumb Code   112  stm32f4xx_tim.o(.text)
    TIM_OCStructInit                         0x08002971   Thumb Code    20  stm32f4xx_tim.o(.text)
    TIM_SelectOCxM                           0x08002985   Thumb Code    86  stm32f4xx_tim.o(.text)
    TIM_SetCompare1                          0x080029db   Thumb Code     4  stm32f4xx_tim.o(.text)
    TIM_SetCompare2                          0x080029df   Thumb Code     4  stm32f4xx_tim.o(.text)
    TIM_SetCompare3                          0x080029e3   Thumb Code     4  stm32f4xx_tim.o(.text)
    TIM_SetCompare4                          0x080029e7   Thumb Code     4  stm32f4xx_tim.o(.text)
    TIM_ForcedOC1Config                      0x080029eb   Thumb Code    18  stm32f4xx_tim.o(.text)
    TIM_ForcedOC2Config                      0x080029fd   Thumb Code    26  stm32f4xx_tim.o(.text)
    TIM_ForcedOC3Config                      0x08002a17   Thumb Code    18  stm32f4xx_tim.o(.text)
    TIM_ForcedOC4Config                      0x08002a29   Thumb Code    26  stm32f4xx_tim.o(.text)
    TIM_OC1PreloadConfig                     0x08002a43   Thumb Code    18  stm32f4xx_tim.o(.text)
    TIM_OC2PreloadConfig                     0x08002a55   Thumb Code    26  stm32f4xx_tim.o(.text)
    TIM_OC3PreloadConfig                     0x08002a6f   Thumb Code    18  stm32f4xx_tim.o(.text)
    TIM_OC4PreloadConfig                     0x08002a81   Thumb Code    26  stm32f4xx_tim.o(.text)
    TIM_OC1FastConfig                        0x08002a9b   Thumb Code    18  stm32f4xx_tim.o(.text)
    TIM_OC2FastConfig                        0x08002aad   Thumb Code    26  stm32f4xx_tim.o(.text)
    TIM_OC3FastConfig                        0x08002ac7   Thumb Code    18  stm32f4xx_tim.o(.text)
    TIM_OC4FastConfig                        0x08002ad9   Thumb Code    26  stm32f4xx_tim.o(.text)
    TIM_ClearOC1Ref                          0x08002af3   Thumb Code    18  stm32f4xx_tim.o(.text)
    TIM_ClearOC2Ref                          0x08002b05   Thumb Code    24  stm32f4xx_tim.o(.text)
    TIM_ClearOC3Ref                          0x08002b1d   Thumb Code    18  stm32f4xx_tim.o(.text)
    TIM_ClearOC4Ref                          0x08002b2f   Thumb Code    24  stm32f4xx_tim.o(.text)
    TIM_OC1PolarityConfig                    0x08002b47   Thumb Code    18  stm32f4xx_tim.o(.text)
    TIM_OC1NPolarityConfig                   0x08002b59   Thumb Code    18  stm32f4xx_tim.o(.text)
    TIM_OC2PolarityConfig                    0x08002b6b   Thumb Code    26  stm32f4xx_tim.o(.text)
    TIM_OC2NPolarityConfig                   0x08002b85   Thumb Code    26  stm32f4xx_tim.o(.text)
    TIM_OC3PolarityConfig                    0x08002b9f   Thumb Code    26  stm32f4xx_tim.o(.text)
    TIM_OC3NPolarityConfig                   0x08002bb9   Thumb Code    26  stm32f4xx_tim.o(.text)
    TIM_OC4PolarityConfig                    0x08002bd3   Thumb Code    26  stm32f4xx_tim.o(.text)
    TIM_CCxCmd                               0x08002bed   Thumb Code    30  stm32f4xx_tim.o(.text)
    TIM_CCxNCmd                              0x08002c0b   Thumb Code    30  stm32f4xx_tim.o(.text)
    TIM_SetIC4Prescaler                      0x08002c29   Thumb Code    26  stm32f4xx_tim.o(.text)
    TIM_SetIC3Prescaler                      0x08002c93   Thumb Code    18  stm32f4xx_tim.o(.text)
    TIM_SetIC2Prescaler                      0x08002ced   Thumb Code    26  stm32f4xx_tim.o(.text)
    TIM_SetIC1Prescaler                      0x08002d61   Thumb Code    18  stm32f4xx_tim.o(.text)
    TIM_ICInit                               0x08002dad   Thumb Code   110  stm32f4xx_tim.o(.text)
    TIM_ICStructInit                         0x08002e1b   Thumb Code    18  stm32f4xx_tim.o(.text)
    TIM_PWMIConfig                           0x08002e2d   Thumb Code   124  stm32f4xx_tim.o(.text)
    TIM_GetCapture1                          0x08002ea9   Thumb Code     6  stm32f4xx_tim.o(.text)
    TIM_GetCapture2                          0x08002eaf   Thumb Code     6  stm32f4xx_tim.o(.text)
    TIM_GetCapture3                          0x08002eb5   Thumb Code     6  stm32f4xx_tim.o(.text)
    TIM_GetCapture4                          0x08002ebb   Thumb Code     6  stm32f4xx_tim.o(.text)
    TIM_BDTRConfig                           0x08002ec1   Thumb Code    32  stm32f4xx_tim.o(.text)
    TIM_BDTRStructInit                       0x08002ee1   Thumb Code    18  stm32f4xx_tim.o(.text)
    TIM_CtrlPWMOutputs                       0x08002ef3   Thumb Code    30  stm32f4xx_tim.o(.text)
    TIM_SelectCOM                            0x08002f11   Thumb Code    24  stm32f4xx_tim.o(.text)
    TIM_CCPreloadControl                     0x08002f29   Thumb Code    24  stm32f4xx_tim.o(.text)
    TIM_ITConfig                             0x08002f41   Thumb Code    18  stm32f4xx_tim.o(.text)
    TIM_GenerateEvent                        0x08002f53   Thumb Code     4  stm32f4xx_tim.o(.text)
    TIM_GetFlagStatus                        0x08002f57   Thumb Code    18  stm32f4xx_tim.o(.text)
    TIM_ClearFlag                            0x08002f69   Thumb Code     6  stm32f4xx_tim.o(.text)
    TIM_GetITStatus                          0x08002f6f   Thumb Code    34  stm32f4xx_tim.o(.text)
    TIM_ClearITPendingBit                    0x08002f91   Thumb Code     6  stm32f4xx_tim.o(.text)
    TIM_DMAConfig                            0x08002f97   Thumb Code    10  stm32f4xx_tim.o(.text)
    TIM_DMACmd                               0x08002fa1   Thumb Code    18  stm32f4xx_tim.o(.text)
    TIM_SelectCCDMA                          0x08002fb3   Thumb Code    24  stm32f4xx_tim.o(.text)
    TIM_InternalClockConfig                  0x08002fcb   Thumb Code    12  stm32f4xx_tim.o(.text)
    TIM_SelectInputTrigger                   0x08002fd7   Thumb Code    18  stm32f4xx_tim.o(.text)
    TIM_ITRxExternalClockConfig              0x08002fe9   Thumb Code    24  stm32f4xx_tim.o(.text)
    TIM_TIxExternalClockConfig               0x08003001   Thumb Code    62  stm32f4xx_tim.o(.text)
    TIM_ETRConfig                            0x0800303f   Thumb Code    28  stm32f4xx_tim.o(.text)
    TIM_ETRClockMode1Config                  0x0800305b   Thumb Code    54  stm32f4xx_tim.o(.text)
    TIM_ETRClockMode2Config                  0x08003091   Thumb Code    32  stm32f4xx_tim.o(.text)
    TIM_SelectOutputTrigger                  0x080030b1   Thumb Code    18  stm32f4xx_tim.o(.text)
    TIM_SelectSlaveMode                      0x080030c3   Thumb Code    18  stm32f4xx_tim.o(.text)
    TIM_SelectMasterSlaveMode                0x080030d5   Thumb Code    18  stm32f4xx_tim.o(.text)
    TIM_EncoderInterfaceConfig               0x080030e7   Thumb Code    66  stm32f4xx_tim.o(.text)
    TIM_SelectHallSensor                     0x08003129   Thumb Code    24  stm32f4xx_tim.o(.text)
    TIM_RemapConfig                          0x08003141   Thumb Code     6  stm32f4xx_tim.o(.text)
    USART_DeInit                             0x08003149   Thumb Code   206  stm32f4xx_usart.o(.text)
    USART_Init                               0x08003217   Thumb Code   204  stm32f4xx_usart.o(.text)
    USART_StructInit                         0x080032e3   Thumb Code    24  stm32f4xx_usart.o(.text)
    USART_ClockInit                          0x080032fb   Thumb Code    32  stm32f4xx_usart.o(.text)
    USART_ClockStructInit                    0x0800331b   Thumb Code    12  stm32f4xx_usart.o(.text)
    USART_Cmd                                0x08003327   Thumb Code    24  stm32f4xx_usart.o(.text)
    USART_SetPrescaler                       0x0800333f   Thumb Code    16  stm32f4xx_usart.o(.text)
    USART_OverSampling8Cmd                   0x0800334f   Thumb Code    22  stm32f4xx_usart.o(.text)
    USART_OneBitMethodCmd                    0x08003365   Thumb Code    24  stm32f4xx_usart.o(.text)
    USART_SendData                           0x0800337d   Thumb Code     8  stm32f4xx_usart.o(.text)
    USART_ReceiveData                        0x08003385   Thumb Code    10  stm32f4xx_usart.o(.text)
    USART_SetAddress                         0x0800338f   Thumb Code    18  stm32f4xx_usart.o(.text)
    USART_ReceiverWakeUpCmd                  0x080033a1   Thumb Code    24  stm32f4xx_usart.o(.text)
    USART_WakeUpConfig                       0x080033b9   Thumb Code    18  stm32f4xx_usart.o(.text)
    USART_LINBreakDetectLengthConfig         0x080033cb   Thumb Code    18  stm32f4xx_usart.o(.text)
    USART_LINCmd                             0x080033dd   Thumb Code    24  stm32f4xx_usart.o(.text)
    USART_SendBreak                          0x080033f5   Thumb Code    10  stm32f4xx_usart.o(.text)
    USART_HalfDuplexCmd                      0x080033ff   Thumb Code    24  stm32f4xx_usart.o(.text)
    USART_SetGuardTime                       0x08003417   Thumb Code    16  stm32f4xx_usart.o(.text)
    USART_SmartCardCmd                       0x08003427   Thumb Code    24  stm32f4xx_usart.o(.text)
    USART_SmartCardNACKCmd                   0x0800343f   Thumb Code    24  stm32f4xx_usart.o(.text)
    USART_IrDAConfig                         0x08003457   Thumb Code    18  stm32f4xx_usart.o(.text)
    USART_IrDACmd                            0x08003469   Thumb Code    24  stm32f4xx_usart.o(.text)
    USART_DMACmd                             0x08003481   Thumb Code    18  stm32f4xx_usart.o(.text)
    USART_ITConfig                           0x08003493   Thumb Code    74  stm32f4xx_usart.o(.text)
    USART_GetFlagStatus                      0x080034dd   Thumb Code    26  stm32f4xx_usart.o(.text)
    USART_ClearFlag                          0x080034f7   Thumb Code    18  stm32f4xx_usart.o(.text)
    USART_GetITStatus                        0x08003509   Thumb Code   118  stm32f4xx_usart.o(.text)
    USART_ClearITPendingBit                  0x0800357f   Thumb Code    30  stm32f4xx_usart.o(.text)
    MosShut                                  0x0800359d   Thumb Code   116  protection.o(.text)
    ACCurrentProt                            0x08003611   Thumb Code   290  protection.o(.text)
    CurrentOverLoadProt                      0x08003733   Thumb Code    96  protection.o(.text)
    StuckProt                                0x08003793   Thumb Code   116  protection.o(.text)
    HeatProt                                 0x08003807   Thumb Code    54  protection.o(.text)
    BusVolProt                               0x0800383d   Thumb Code    54  protection.o(.text)
    PWMShut                                  0x08003873   Thumb Code    34  protection.o(.text)
    PWMStandby                               0x08003895   Thumb Code    12  protection.o(.text)
    PWMDisable                               0x080038a1   Thumb Code    28  protection.o(.text)
    PWMEnable                                0x080038bd   Thumb Code    18  protection.o(.text)
    TimGpioReInit                            0x080038cf   Thumb Code   302  protection.o(.text)
    systick_CountInit                        0x080039fd   Thumb Code    54  delay.o(.text)
    BoardSense                               0x08003a33   Thumb Code    64  delay.o(.text)
    TIM4_IRQHandler                          0x08003a73   Thumb Code    24  delay.o(.text)
    TIM5_IRQHandler                          0x08003a8b   Thumb Code   754  delay.o(.text)
    SysTick_Handler                          0x08003d7d   Thumb Code    18  delay.o(.text)
    _micros                                  0x08003d8f   Thumb Code    44  delay.o(.text)
    delay_us                                 0x08003dbb   Thumb Code   178  delay.o(.text)
    delay_ms                                 0x08003e6d   Thumb Code    48  delay.o(.text)
    STMFLASH_GetFlashSector                  0x08003e9d   Thumb Code   116  flashrw.o(.text)
    write_flash                              0x08003f11   Thumb Code    82  flashrw.o(.text)
    read_flash                               0x08003f63   Thumb Code    22  flashrw.o(.text)
    write_to_flash_all                       0x08003f79   Thumb Code   178  flashrw.o(.text)
    write_to_flash                           0x0800402b   Thumb Code    66  flashrw.o(.text)
    read_from_flash                          0x0800406d   Thumb Code   196  flashrw.o(.text)
    ADC_Common_Init                          0x0800416d   Thumb Code   136  adc.o(.text)
    ADC3_DMA_Init                            0x080041f5   Thumb Code   216  adc.o(.text)
    ADC2_TRGO_Init                           0x080042cd   Thumb Code   198  adc.o(.text)
    ADC1_TRGO_Init                           0x08004393   Thumb Code   198  adc.o(.text)
    ADC_IRQHandler                           0x08004459   Thumb Code   742  adc.o(.text)
    BusVolSense                              0x0800473f   Thumb Code    80  adc.o(.text)
    BoardTemSense                            0x0800478f   Thumb Code   112  adc.o(.text)
    StatorTemSense                           0x080047ff   Thumb Code   144  adc.o(.text)
    ILoopDrag_D                              0x0800488f   Thumb Code   104  adc.o(.text)
    ILoopPos                                 0x080048f7   Thumb Code    94  adc.o(.text)
    Idtest                                   0x08004955   Thumb Code   240  adc.o(.text)
    I2CX_init                                0x08004a4d   Thumb Code   178  i2c.o(.text)
    IICreStart                               0x08004aff   Thumb Code   182  i2c.o(.text)
    IICUnlock                                0x08004bb5   Thumb Code   172  i2c.o(.text)
    I2C_DMA_Read                             0x08004c61   Thumb Code   536  i2c.o(.text)
    _sys_exit                                0x08004e99   Thumb Code     4  usart0.o(.text)
    fputc                                    0x08004e9d   Thumb Code    22  usart0.o(.text)
    USART0_Init                              0x08004eb3   Thumb Code   306  usart0.o(.text)
    printf_DMA                               0x08004fe5   Thumb Code    78  usart0.o(.text)
    DMA2_Stream7_IRQHandler                  0x08005033   Thumb Code    32  usart0.o(.text)
    MCM_Trig_Functions                       0x08005089   Thumb Code   238  foc_utils.o(.text)
    sqrt32                                   0x08005177   Thumb Code    40  foc_utils.o(.text)
    TIM1_PWM_Init                            0x080051c5   Thumb Code   368  timer.o(.text)
    TIM5_Init                                0x08005335   Thumb Code    80  timer.o(.text)
    TIM4_Init                                0x08005385   Thumb Code    80  timer.o(.text)
    IWDG_Init_Config                         0x080053d5   Thumb Code    34  timer.o(.text)
    PID_init                                 0x08005429   Thumb Code   290  pid.o(.text)
    PIDoperator                              0x0800554b   Thumb Code   330  pid.o(.text)
    LowsideCurrentSense                      0x0800569d   Thumb Code    36  lowsidecurrentsense.o(.text)
    ADC_Init_synch                           0x080056c1   Thumb Code    40  lowsidecurrentsense.o(.text)
    Current_calibrateOffsets                 0x080056e9   Thumb Code   112  lowsidecurrentsense.o(.text)
    getPhaseCurrents                         0x08005759   Thumb Code   154  lowsidecurrentsense.o(.text)
    PhaseCurrent                             0x080057f3   Thumb Code    88  lowsidecurrentsense.o(.text)
    CurrentSenseRaw                          0x0800584b   Thumb Code     2  lowsidecurrentsense.o(.text)
    setPhaseVoltage                          0x08005875   Thumb Code  2064  bldcmotor.o(.text)
    loopFOC                                  0x08006085   Thumb Code   252  bldcmotor.o(.text)
    motorPrepos                              0x08006181   Thumb Code   214  bldcmotor.o(.text)
    VolMotorPrepos                           0x08006257   Thumb Code    72  bldcmotor.o(.text)
    getFOCCurrents                           0x080062bd   Thumb Code   170  currentsense.o(.text)
    dirJudge                                 0x0800637d   Thumb Code   106  as5600.o(.text)
    ENCODER_Get                              0x080063e7   Thumb Code   194  as5600.o(.text)
    speedcapt                                0x080064a9   Thumb Code   130  as5600.o(.text)
    RollerPosit                              0x0800652b   Thumb Code   228  as5600.o(.text)
    Climbing                                 0x0800660f   Thumb Code   198  as5600.o(.text)
    SpeedLimitClimb                          0x080066d5   Thumb Code   814  as5600.o(.text)
    Climbing_POS                             0x08006a03   Thumb Code   256  as5600.o(.text)
    MotorInit                                0x08006b41   Thumb Code    80  motorinit.o(.text)
    tamagawa_tx                              0x08006ba1   Thumb Code    54  tamagawa.o(.text)
    crc                                      0x08006bd7   Thumb Code    82  tamagawa.o(.text)
    tx_prepare                               0x08006c29   Thumb Code   216  tamagawa.o(.text)
    tamagawa_read                            0x08006d01   Thumb Code    42  tamagawa.o(.text)
    rx_parse                                 0x08006d2b   Thumb Code   408  tamagawa.o(.text)
    USART3_IRQHandler                        0x08006ec3   Thumb Code   116  tamagawa.o(.text)
    ZeroTama                                 0x08006f37   Thumb Code    70  tamagawa.o(.text)
    EXTIB_Configuration                      0x08006fe1   Thumb Code   276  abz.o(.text)
    ArrayEqual                               0x080070f5   Thumb Code    42  abz.o(.text)
    EXTI15_10_IRQHandler                     0x0800711f   Thumb Code   236  abz.o(.text)
    PosCal                                   0x0800720b   Thumb Code   142  abz.o(.text)
    PWMInitPosCal                            0x08007299   Thumb Code    54  abz.o(.text)
    SpeedCal                                 0x080072cf   Thumb Code   138  abz.o(.text)
    speed_filter                             0x08007359   Thumb Code   424  abz.o(.text)
    ABZInit                                  0x08007501   Thumb Code    64  abz.o(.text)
    ZeroPosiSet                              0x08007541   Thumb Code   150  abz.o(.text)
    AUTOCalib                                0x080075d7   Thumb Code   326  abz.o(.text)
    OrthPLLInit                              0x08007749   Thumb Code    84  orthpll.o(.text)
    PLL_Cal                                  0x0800779d   Thumb Code   454  orthpll.o(.text)
    Orth_CAL                                 0x08007963   Thumb Code   214  orthpll.o(.text)
    PLLSpeedCal                              0x08007a39   Thumb Code   172  orthpll.o(.text)
    PLLSpeedCalEangle                        0x08007ae5   Thumb Code   194  orthpll.o(.text)
    EAngleSum                                0x08007ba7   Thumb Code   104  orthpll.o(.text)
    EAngleSpeedCal                           0x08007c0f   Thumb Code    50  orthpll.o(.text)
    DirDetCal                                0x08007c41   Thumb Code    32  orthpll.o(.text)
    OrthZeroPosiSet                          0x08007c61   Thumb Code   112  orthpll.o(.text)
    OrthAUTOCalib                            0x08007cd1   Thumb Code   420  orthpll.o(.text)
    OrthPLLInit_tst                          0x08007e75   Thumb Code   100  orthpll.o(.text)
    PLL_Cal_TST                              0x08007ed9   Thumb Code   638  orthpll.o(.text)
    Orth_CAL_f                               0x08008157   Thumb Code   272  orthpll.o(.text)
    Pos_Esti_Init                            0x080082a5   Thumb Code   236  estimate.o(.text)
    PLL_Calc                                 0x08008391   Thumb Code   304  estimate.o(.text)
    Pos_Esti_Calc                            0x080084c1   Thumb Code   656  estimate.o(.text)
    Anglee_Diff                              0x08008751   Thumb Code   104  estimate.o(.text)
    Pgy_Init                                 0x080087d1   Thumb Code    38  usermain.o(.text)
    Pgy_Fast_Loop                            0x080087f7   Thumb Code   108  usermain.o(.text)
    Pgy_Slow_Loop                            0x08008863   Thumb Code     8  usermain.o(.text)
    Pgy_MainLoop                             0x0800886b   Thumb Code    38  usermain.o(.text)
    TOP_PLL_Init                             0x080088b9   Thumb Code   110  top_pll.o(.text)
    TOP_PLL_Loop                             0x08008927   Thumb Code   490  top_pll.o(.text)
    NOTOP_PLL_Loop                           0x08008b11   Thumb Code   752  top_pll.o(.text)
    Axis_Pos_Comp_Loop                       0x08008e01   Thumb Code   540  top_pll.o(.text)
    FSM_SoftShut                             0x08009071   Thumb Code    20  fsm.o(.text)
    FSM_AxisHallCalib                        0x08009085   Thumb Code   118  fsm.o(.text)
    FSM_HallAdcCalib                         0x080090fb   Thumb Code   742  fsm.o(.text)
    WriteToFlash_PGY                         0x08009441   Thumb Code   270  flash_pgy.o(.text)
    ReadFromFlash_PGY                        0x0800954f   Thumb Code    28  flash_pgy.o(.text)
    __aeabi_memset                           0x08009595   Thumb Code    14  memseta.o(.text)
    __aeabi_memset4                          0x08009595   Thumb Code     0  memseta.o(.text)
    __aeabi_memset8                          0x08009595   Thumb Code     0  memseta.o(.text)
    __aeabi_memclr                           0x080095a3   Thumb Code     4  memseta.o(.text)
    __aeabi_memclr4                          0x080095a3   Thumb Code     0  memseta.o(.text)
    __aeabi_memclr8                          0x080095a3   Thumb Code     0  memseta.o(.text)
    _memset$wrapper                          0x080095a7   Thumb Code    18  memseta.o(.text)
    strncpy                                  0x080095b9   Thumb Code    24  strncpy.o(.text)
    __aeabi_dadd                             0x080095d1   Thumb Code   322  dadd.o(.text)
    __aeabi_dsub                             0x08009713   Thumb Code     6  dadd.o(.text)
    __aeabi_drsub                            0x08009719   Thumb Code     6  dadd.o(.text)
    __aeabi_dmul                             0x0800971f   Thumb Code   228  dmul.o(.text)
    __aeabi_ddiv                             0x08009803   Thumb Code   222  ddiv.o(.text)
    __aeabi_ui2d                             0x080098e1   Thumb Code    26  dfltui.o(.text)
    __aeabi_d2iz                             0x080098fb   Thumb Code    62  dfixi.o(.text)
    __aeabi_f2d                              0x08009939   Thumb Code    38  f2d.o(.text)
    __aeabi_cdcmpeq                          0x08009961   Thumb Code     0  cdcmple.o(.text)
    __aeabi_cdcmple                          0x08009961   Thumb Code    48  cdcmple.o(.text)
    __aeabi_cdrcmple                         0x08009991   Thumb Code    48  cdrcmple.o(.text)
    __aeabi_d2f                              0x080099c1   Thumb Code    56  d2f.o(.text)
    __aeabi_uidiv                            0x080099f9   Thumb Code     0  uidiv.o(.text)
    __aeabi_uidivmod                         0x080099f9   Thumb Code    44  uidiv.o(.text)
    __aeabi_uldivmod                         0x08009a25   Thumb Code    98  uldiv.o(.text)
    __aeabi_llsl                             0x08009a87   Thumb Code    30  llshl.o(.text)
    _ll_shift_l                              0x08009a87   Thumb Code     0  llshl.o(.text)
    __aeabi_llsr                             0x08009aa5   Thumb Code    32  llushr.o(.text)
    _ll_ushift_r                             0x08009aa5   Thumb Code     0  llushr.o(.text)
    __aeabi_lasr                             0x08009ac5   Thumb Code    36  llsshr.o(.text)
    _ll_sshift_r                             0x08009ac5   Thumb Code     0  llsshr.o(.text)
    __strtod_int                             0x08009b1f   Thumb Code    90  strtod.o(.text)
    __I$use$fp                               0x08009b85   Thumb Code     0  iusefp.o(.text)
    _float_round                             0x08009b85   Thumb Code    18  fepilogue.o(.text)
    _float_epilogue                          0x08009b97   Thumb Code    92  fepilogue.o(.text)
    _double_round                            0x08009bf3   Thumb Code    30  depilogue.o(.text)
    _double_epilogue                         0x08009c11   Thumb Code   156  depilogue.o(.text)
    _dsqrt                                   0x08009cad   Thumb Code   162  dsqrt.o(.text)
    __aeabi_d2ulz                            0x08009d4f   Thumb Code    48  dfixul.o(.text)
    __scatterload                            0x08009d81   Thumb Code    28  init.o(.text)
    __scatterload_rt2                        0x08009d81   Thumb Code     0  init.o(.text)
    isspace                                  0x08009da5   Thumb Code    10  isspace_c.o(.text)
    _scanf_real                              0x08009ed9   Thumb Code     0  scanf_fp.o(.text)
    _scanf_really_real                       0x08009ed9   Thumb Code   556  scanf_fp.o(.text)
    _sgetc                                   0x0800a111   Thumb Code    30  _sgetc.o(.text)
    _sbackspace                              0x0800a12f   Thumb Code    34  _sgetc.o(.text)
    __ctype_lookup                           0x0800a151   Thumb Code    34  ctype_c.o(.text)
    __aeabi_ul2d                             0x0800a179   Thumb Code    24  dfltul.o(.text)
    __decompress                             0x0800a191   Thumb Code     0  __dczerorl2.o(.text)
    __decompress1                            0x0800a191   Thumb Code    86  __dczerorl2.o(.text)
    __0printf                                0x0800a1e9   Thumb Code    22  printfa.o(i.__0printf)
    __1printf                                0x0800a1e9   Thumb Code     0  printfa.o(i.__0printf)
    __2printf                                0x0800a1e9   Thumb Code     0  printfa.o(i.__0printf)
    __c89printf                              0x0800a1e9   Thumb Code     0  printfa.o(i.__0printf)
    printf                                   0x0800a1e9   Thumb Code     0  printfa.o(i.__0printf)
    __0vsnprintf                             0x0800a209   Thumb Code    46  printfa.o(i.__0vsnprintf)
    __1vsnprintf                             0x0800a209   Thumb Code     0  printfa.o(i.__0vsnprintf)
    __2vsnprintf                             0x0800a209   Thumb Code     0  printfa.o(i.__0vsnprintf)
    __c89vsnprintf                           0x0800a209   Thumb Code     0  printfa.o(i.__0vsnprintf)
    vsnprintf                                0x0800a209   Thumb Code     0  printfa.o(i.__0vsnprintf)
    __ARM_fpclassifyf                        0x0800a23d   Thumb Code    38  fpclassifyf.o(i.__ARM_fpclassifyf)
    __hardfp_atof                            0x0800a269   Thumb Code    44  atof.o(i.__hardfp_atof)
    __hardfp_cosf                            0x0800a2a1   Thumb Code   280  cosf.o(i.__hardfp_cosf)
    __hardfp_fabs                            0x0800a3f1   Thumb Code    20  fabs.o(i.__hardfp_fabs)
    __hardfp_sinf                            0x0800a405   Thumb Code   344  sinf.o(i.__hardfp_sinf)
    __hardfp_sqrt                            0x0800a595   Thumb Code   122  sqrt.o(i.__hardfp_sqrt)
    __hardfp_sqrtf                           0x0800a60f   Thumb Code    58  sqrtf.o(i.__hardfp_sqrtf)
    __mathlib_flt_infnan                     0x0800a649   Thumb Code     6  funder.o(i.__mathlib_flt_infnan)
    __mathlib_flt_invalid                    0x0800a651   Thumb Code    10  funder.o(i.__mathlib_flt_invalid)
    __mathlib_flt_underflow                  0x0800a661   Thumb Code    10  funder.o(i.__mathlib_flt_underflow)
    __mathlib_rredf2                         0x0800a671   Thumb Code   316  rredf.o(i.__mathlib_rredf2)
    __read_errno                             0x0800a7c5   Thumb Code     6  errno.o(i.__read_errno)
    __scatterload_copy                       0x0800a7d1   Thumb Code    14  handlers.o(i.__scatterload_copy)
    __scatterload_null                       0x0800a7df   Thumb Code     2  handlers.o(i.__scatterload_null)
    __scatterload_zeroinit                   0x0800a7e1   Thumb Code    14  handlers.o(i.__scatterload_zeroinit)
    __set_errno                              0x0800a7f1   Thumb Code     6  errno.o(i.__set_errno)
    _is_digit                                0x0800a981   Thumb Code    14  scanf_fp.o(i._is_digit)
    hSin_Cos_Table                           0x0800b0ac   Data        4096  foc_utils.o(.constdata)
    hTEMPERATURE_TABLE                       0x0800c0ac   Data         320  foc_utils.o(.constdata)
    hStatorTEMP_TABLE                        0x0800c1ec   Data         482  foc_utils.o(.constdata)
    __ctype_categories                       0x0800c3f0   Data          64  ctype_c.o(.constdata)
    Region$$Table$$Base                      0x0800c430   Number         0  anon$$obj.o(Region$$Table)
    Region$$Table$$Limit                     0x0800c450   Number         0  anon$$obj.o(Region$$Table)
    data_id0                                 0x20000004   Data           1  main.o(.data)
    Votagle_bus                              0x20000008   Data           4  main.o(.data)
    Ts_I                                     0x2000000c   Data           4  main.o(.data)
    Ts_V                                     0x20000010   Data           4  main.o(.data)
    Ts_P                                     0x20000014   Data           4  main.o(.data)
    positionrec                              0x20000018   Data           4  main.o(.data)
    SystemCoreClock                          0x2000001c   Data           4  system_stm32f4xx.o(.data)
    AHBPrescTable                            0x20000020   Data          16  system_stm32f4xx.o(.data)
    EroType                                  0x20000040   Data           1  protection.o(.data)
    OverCurrentCount                         0x20000042   Data           2  protection.o(.data)
    CurrentProtWindowCount                   0x20000044   Data           2  protection.o(.data)
    PWMENflag                                0x20000046   Data           1  protection.o(.data)
    MosShutFlag                              0x20000047   Data           1  protection.o(.data)
    TimGpioReFlag                            0x20000048   Data           1  protection.o(.data)
    sysTickUptime                            0x20000058   Data           4  delay.o(.data)
    testLog                                  0x2000005c   Data           4  delay.o(.data)
    pos_flag                                 0x20000060   Data           1  delay.o(.data)
    div5ms                                   0x20000061   Data           1  delay.o(.data)
    div1s                                    0x20000062   Data           2  delay.o(.data)
    PosError                                 0x20000064   Data           4  delay.o(.data)
    ZeroTamaComp                             0x20000068   Data           1  delay.o(.data)
    timer_count                              0x2000006c   Data           4  delay.o(.data)
    smo_count                                0x20000070   Data           2  delay.o(.data)
    smo_divide                               0x20000072   Data           1  delay.o(.data)
    tamaCnt                                  0x2000007c   Data           1  adc.o(.data)
    tamaFlag                                 0x2000007d   Data           1  adc.o(.data)
    count                                    0x20000080   Data           4  adc.o(.data)
    testUd                                   0x20000084   Data           4  adc.o(.data)
    testUq                                   0x20000088   Data           4  adc.o(.data)
    ANGLE                                    0x2000008c   Data           2  adc.o(.data)
    Angle_test                               0x2000008e   Data           2  adc.o(.data)
    testId                                   0x20000090   Data           4  adc.o(.data)
    testPI_P                                 0x20000094   Data           4  adc.o(.data)
    testPI_I                                 0x20000098   Data           4  adc.o(.data)
    AngleAdd                                 0x2000009c   Data           2  adc.o(.data)
    AngleAddtst                              0x2000009e   Data           2  adc.o(.data)
    angle_compens                            0x200000a0   Data           2  adc.o(.data)
    TEST_X                                   0x200000a4   Data           4  adc.o(.data)
    TEST_Y                                   0x200000a8   Data           4  adc.o(.data)
    difftest                                 0x200000ac   Data           2  adc.o(.data)
    IDrag                                    0x200000b0   Data           4  adc.o(.data)
    sensorlessFlag                           0x200000b4   Data           1  adc.o(.data)
    testflag                                 0x200000b5   Data           1  adc.o(.data)
    testflag2                                0x200000b6   Data           1  adc.o(.data)
    SineWave                                 0x200000b8   Data           4  adc.o(.data)
    SineWaveInt                              0x200000bc   Data           4  adc.o(.data)
    Angle                                    0x200000c0   Data           2  adc.o(.data)
    angleinc                                 0x200000c2   Data           2  adc.o(.data)
    I2C_ReadPtr                              0x200000c8   Data           4  i2c.o(.data)
    I2C_WritePtr                             0x200000cc   Data           4  i2c.o(.data)
    I2CT_FLAG_TIMEOUTCnt                     0x200000d0   Data           4  i2c.o(.data)
    i2cbusy                                  0x200000d4   Data           1  i2c.o(.data)
    testIICSDA                               0x200000d5   Data           1  i2c.o(.data)
    testIIC2SDA                              0x200000d6   Data           1  i2c.o(.data)
    rcv0_cntr                                0x200000d8   Data           4  usart0.o(.data)
    rcv0_flag                                0x200000dc   Data           4  usart0.o(.data)
    __stdout                                 0x200000e0   Data           4  usart0.o(.data)
    rcv2_cntr                                0x200000e4   Data           4  usart2.o(.data)
    rcv2_flag                                0x200000e8   Data           4  usart2.o(.data)
    motor_status                             0x200000ec   Data           1  foc_utils.o(.data)
    TorqueRef                                0x200000f0   Data           4  foc_utils.o(.data)
    T_I_Ratio                                0x200000f4   Data           4  foc_utils.o(.data)
    FPV_KP                                   0x200000f8   Data           4  foc_utils.o(.data)
    FPV_KD                                   0x200000fc   Data           4  foc_utils.o(.data)
    voltage_power_supply                     0x20000100   Data           4  foc_utils.o(.data)
    BoardTemp                                0x20000104   Data           2  foc_utils.o(.data)
    StatorTemp                               0x20000106   Data           2  foc_utils.o(.data)
    PosUpload                                0x20000108   Data           4  foc_utils.o(.data)
    SpeedRef                                 0x2000010c   Data           4  foc_utils.o(.data)
    ActualTorque                             0x20000110   Data           4  foc_utils.o(.data)
    TamaZerosFlag                            0x20000114   Data           1  foc_utils.o(.data)
    testfreq                                 0x2000011c   Data           4  timer.o(.data)
    testdutycycle                            0x20000120   Data           4  timer.o(.data)
    voltage                                  0x2000012c   Data           8  bldcmotor.o(.data)
    current                                  0x20000134   Data           8  bldcmotor.o(.data)
    PowerOutput                              0x2000013c   Data           4  bldcmotor.o(.data)
    Ua                                       0x20000140   Data           4  bldcmotor.o(.data)
    Ub                                       0x20000144   Data           4  bldcmotor.o(.data)
    Uc                                       0x20000148   Data           4  bldcmotor.o(.data)
    Pa_PWM                                   0x2000014c   Data           2  bldcmotor.o(.data)
    Pb_PWM                                   0x2000014e   Data           2  bldcmotor.o(.data)
    Pc_PWM                                   0x20000150   Data           2  bldcmotor.o(.data)
    test                                     0x20000154   Data           4  bldcmotor.o(.data)
    currentM0                                0x20000190   Data           8  currentsense.o(.data)
    currentM1                                0x20000198   Data           8  currentsense.o(.data)
    AlphBetaCurM0                            0x200001a0   Data           8  currentsense.o(.data)
    AlphBetCuraIM1                           0x200001a8   Data           8  currentsense.o(.data)
    AlphBetaVolM0                            0x200001b0   Data           8  currentsense.o(.data)
    AlphBetaVolM1                            0x200001b8   Data           8  currentsense.o(.data)
    posReversFlag                            0x200001c4   Data           1  as5600.o(.data)
    tx_size                                  0x200001cc   Data           1  tamagawa.o(.data)
    rx_size                                  0x200001cd   Data           1  tamagawa.o(.data)
    tx                                       0x200001ce   Data           1  tamagawa.o(.data)
    tamagawa_rx_cnt                          0x200001cf   Data           1  tamagawa.o(.data)
    usart_data                               0x200001d0   Data           5  tamagawa.o(.data)
    TXData                                   0x200001d5   Data           1  tamagawa.o(.data)
    position                                 0x200001d8   Data           4  tamagawa.o(.data)
    turns                                    0x200001dc   Data           2  tamagawa.o(.data)
    cnt                                      0x200001de   Data           1  tamagawa.o(.data)
    PosiRotA                                 0x200001e0   Data           3  abz.o(.data)
    PosiRotB                                 0x200001e3   Data           3  abz.o(.data)
    NegtRotA                                 0x200001e6   Data           3  abz.o(.data)
    NegtRotB                                 0x200001e9   Data           3  abz.o(.data)
    Astatus                                  0x200001ec   Data           3  abz.o(.data)
    Bstatus                                  0x200001ef   Data           3  abz.o(.data)
    CptrA                                    0x200001f4   Data           4  abz.o(.data)
    CptrB                                    0x200001f8   Data           4  abz.o(.data)
    AB_Count                                 0x200001fc   Data           4  abz.o(.data)
    direction                                0x20000200   Data           1  abz.o(.data)
    Diff                                     0x20000202   Data           2  abz.o(.data)
    testcount                                0x20000204   Data           2  abz.o(.data)
    comps                                    0x2000020c   Data           2  orthpll.o(.data)
    DirDiff                                  0x2000020e   Data           2  orthpll.o(.data)
    encod1_tst                               0x20000210   Data           4  orthpll.o(.data)
    encod2_tst                               0x20000214   Data           4  orthpll.o(.data)
    error_encod_tst                          0x20000218   Data           4  orthpll.o(.data)
    tempencod1_tst                           0x2000021c   Data           4  orthpll.o(.data)
    tempencod2_tst                           0x20000220   Data           4  orthpll.o(.data)
    tempencod3_tst                           0x20000224   Data           4  orthpll.o(.data)
    calibREC                                 0x20000228   Data           4  orthpll.o(.data)
    ZeroRecCount                             0x2000022c   Data           1  orthpll.o(.data)
    ZeroRecMean                              0x2000022e   Data           2  orthpll.o(.data)
    global_time                              0x20000244   Data           4  user_para.o(.data)
    theta_f                                  0x20000248   Data           4  user_para.o(.data)
    theta_I                                  0x2000024c   Data           2  user_para.o(.data)
    Theta_O                                  0x2000024e   Data           2  user_para.o(.data)
    motor_status_last                        0x20000250   Data           1  user_para.o(.data)
    calib_done                               0x20000258   Data           1  top_pll.o(.data)
    I_Drag_Frq                               0x20000264   Data           4  fsm.o(.data)
    HallW_M                                  0x20000268   Data           8  fsm.o(.data)
    HallZ_M                                  0x20000270   Data           8  fsm.o(.data)
    HallX_M                                  0x20000278   Data           8  fsm.o(.data)
    HallY_M                                  0x20000280   Data           8  fsm.o(.data)
    WriteToFlash_FLAG                        0x2000028c   Data           1  flash_pgy.o(.data)
    write_data                               0x20000294   Data          22  flashrw.o(.bss)
    read_data                                0x200002aa   Data          11  flashrw.o(.bss)
    adc0_value                               0x200002b6   Data          24  adc.o(.bss)
    snd0_buff                                0x200002ce   Data         256  usart0.o(.bss)
    rcv0_buff                                0x200003ce   Data         256  usart0.o(.bss)
    M0                                       0x200004d0   Data         332  foc_utils.o(.bss)
    M1                                       0x2000061c   Data         332  foc_utils.o(.bss)
    PhasecurrentM0                           0x20000768   Data          12  lowsidecurrentsense.o(.bss)
    PhasecurrentM1                           0x20000774   Data          12  lowsidecurrentsense.o(.bss)
    ENCODER                                  0x20000780   Data          48  as5600.o(.bss)
    ti                                       0x200007b0   Data          24  tamagawa.o(.bss)
    USART3_RX_Buff                           0x200007c8   Data          11  tamagawa.o(.bss)
    ATOCALIB                                 0x200007d4   Data          92  abz.o(.bss)
    ABZEncoder                               0x20000830   Data          60  abz.o(.bss)
    ENCOD_PLL                                0x20000894   Data         148  orthpll.o(.bss)
    OrthATOCALIB                             0x20000928   Data         120  orthpll.o(.bss)
    EMFAngleTst                              0x200009a0   Data         140  orthpll.o(.bss)
    IdIqZeroRec                              0x20000a2c   Data          84  orthpll.o(.bss)
    SMO_Esti                                 0x20000a80   Data         132  estimate.o(.bss)
    Top_Rotor_Hall                           0x20000b04   Data          56  top_pll.o(.bss)
    Top_Axis_Hall                            0x20000b3c   Data          56  top_pll.o(.bss)
    comp_I                                   0x20000b74   Data         720  top_pll.o(.bss)
    calib_valid                              0x20000e44   Data         360  top_pll.o(.bss)
    HALL_Comp                                0x20000fac   Data          24  fsm.o(.bss)
    __initial_sp                             0x20004fc8   Data           0  startup_stm32f40_41xxx.o(STACK)



==============================================================================

Memory Map of the image

  Image Entry point : 0x08000189

  Load Region LR_IROM1 (Base: 0x08000000, Size: 0x0000c6e4, Max: 0x00100000, ABSOLUTE, COMPRESSED[0x0000c4b8])

    Execution Region ER_IROM1 (Exec base: 0x08000000, Load base: 0x08000000, Size: 0x0000c450, Max: 0x00100000, ABSOLUTE)

    Exec Addr    Load Addr    Size         Type   Attr      Idx    E Section Name        Object

    0x08000000   0x08000000   0x00000188   Data   RO          327    RESET               startup_stm32f40_41xxx.o
    0x08000188   0x08000188   0x00000000   Code   RO         1889  * .ARM.Collect$$$$00000000  mc_w.l(entry.o)
    0x08000188   0x08000188   0x00000004   Code   RO         2193    .ARM.Collect$$$$00000001  mc_w.l(entry2.o)
    0x0800018c   0x0800018c   0x00000004   Code   RO         2196    .ARM.Collect$$$$00000004  mc_w.l(entry5.o)
    0x08000190   0x08000190   0x00000000   Code   RO         2198    .ARM.Collect$$$$00000008  mc_w.l(entry7b.o)
    0x08000190   0x08000190   0x00000000   Code   RO         2200    .ARM.Collect$$$$0000000A  mc_w.l(entry8b.o)
    0x08000190   0x08000190   0x00000008   Code   RO         2201    .ARM.Collect$$$$0000000B  mc_w.l(entry9a.o)
    0x08000198   0x08000198   0x00000004   Code   RO         2208    .ARM.Collect$$$$0000000E  mc_w.l(entry12b.o)
    0x0800019c   0x0800019c   0x00000000   Code   RO         2203    .ARM.Collect$$$$0000000F  mc_w.l(entry10a.o)
    0x0800019c   0x0800019c   0x00000000   Code   RO         2205    .ARM.Collect$$$$00000011  mc_w.l(entry11a.o)
    0x0800019c   0x0800019c   0x00000004   Code   RO         2194    .ARM.Collect$$$$00002712  mc_w.l(entry2.o)
    0x080001a0   0x080001a0   0x0000020c   Code   RO            3    .text               main.o
    0x080003ac   0x080003ac   0x00000018   Code   RO          278    .text               stm32f4xx_it.o
    0x080003c4   0x080003c4   0x00000210   Code   RO          301    .text               system_stm32f4xx.o
    0x080005d4   0x080005d4   0x00000024   Code   RO          328    .text               startup_stm32f40_41xxx.o
    0x080005f8   0x080005f8   0x000000e0   Code   RO          334    .text               misc.o
    0x080006d8   0x080006d8   0x00000464   Code   RO          380    .text               stm32f4xx_adc.o
    0x08000b3c   0x08000b3c   0x000003a8   Code   RO          603    .text               stm32f4xx_dma.o
    0x08000ee4   0x08000ee4   0x00000110   Code   RO          623    .text               stm32f4xx_exti.o
    0x08000ff4   0x08000ff4   0x00000694   Code   RO          643    .text               stm32f4xx_flash.o
    0x08001688   0x08001688   0x00000294   Code   RO          709    .text               stm32f4xx_gpio.o
    0x0800191c   0x0800191c   0x00000456   Code   RO          789    .text               stm32f4xx_i2c.o
    0x08001d72   0x08001d72   0x00000002   PAD
    0x08001d74   0x08001d74   0x00000040   Code   RO          809    .text               stm32f4xx_iwdg.o
    0x08001db4   0x08001db4   0x0000065c   Code   RO          872    .text               stm32f4xx_rcc.o
    0x08002410   0x08002410   0x00000094   Code   RO          997    .text               stm32f4xx_syscfg.o
    0x080024a4   0x080024a4   0x00000ca2   Code   RO         1017    .text               stm32f4xx_tim.o
    0x08003146   0x08003146   0x00000002   PAD
    0x08003148   0x08003148   0x00000454   Code   RO         1037    .text               stm32f4xx_usart.o
    0x0800359c   0x0800359c   0x00000460   Code   RO         1077    .text               protection.o
    0x080039fc   0x080039fc   0x000004a0   Code   RO         1121    .text               delay.o
    0x08003e9c   0x08003e9c   0x000002d0   Code   RO         1158    .text               flashrw.o
    0x0800416c   0x0800416c   0x000008e0   Code   RO         1188    .text               adc.o
    0x08004a4c   0x08004a4c   0x0000042c   Code   RO         1220    .text               i2c.o
    0x08004e78   0x08004e78   0x00000210   Code   RO         1244    .text               usart0.o
    0x08005088   0x08005088   0x0000011c   Code   RO         1311    .text               foc_utils.o
    0x080051a4   0x080051a4   0x00000284   Code   RO         1367    .text               timer.o
    0x08005428   0x08005428   0x00000274   Code   RO         1393    .text               pid.o
    0x0800569c   0x0800569c   0x000001d8   Code   RO         1417    .text               lowsidecurrentsense.o
    0x08005874   0x08005874   0x00000a48   Code   RO         1444    .text               bldcmotor.o
    0x080062bc   0x080062bc   0x000000c0   Code   RO         1475    .text               currentsense.o
    0x0800637c   0x0800637c   0x000007c4   Code   RO         1505    .text               as5600.o
    0x08006b40   0x08006b40   0x00000060   Code   RO         1538    .text               motorinit.o
    0x08006ba0   0x08006ba0   0x00000440   Code   RO         1562    .text               tamagawa.o
    0x08006fe0   0x08006fe0   0x00000768   Code   RO         1589    .text               abz.o
    0x08007748   0x08007748   0x00000b5c   Code   RO         1620    .text               orthpll.o
    0x080082a4   0x080082a4   0x0000052c   Code   RO         1651    .text               estimate.o
    0x080087d0   0x080087d0   0x000000e8   Code   RO         1729    .text               usermain.o
    0x080088b8   0x080088b8   0x000007b8   Code   RO         1751    .text               top_pll.o
    0x08009070   0x08009070   0x000003d0   Code   RO         1778    .text               fsm.o
    0x08009440   0x08009440   0x00000154   Code   RO         1805    .text               flash_pgy.o
    0x08009594   0x08009594   0x00000024   Code   RO         1892    .text               mc_w.l(memseta.o)
    0x080095b8   0x080095b8   0x00000018   Code   RO         1894    .text               mc_w.l(strncpy.o)
    0x080095d0   0x080095d0   0x0000014e   Code   RO         2156    .text               mf_w.l(dadd.o)
    0x0800971e   0x0800971e   0x000000e4   Code   RO         2158    .text               mf_w.l(dmul.o)
    0x08009802   0x08009802   0x000000de   Code   RO         2160    .text               mf_w.l(ddiv.o)
    0x080098e0   0x080098e0   0x0000001a   Code   RO         2162    .text               mf_w.l(dfltui.o)
    0x080098fa   0x080098fa   0x0000003e   Code   RO         2164    .text               mf_w.l(dfixi.o)
    0x08009938   0x08009938   0x00000026   Code   RO         2166    .text               mf_w.l(f2d.o)
    0x0800995e   0x0800995e   0x00000002   PAD
    0x08009960   0x08009960   0x00000030   Code   RO         2168    .text               mf_w.l(cdcmple.o)
    0x08009990   0x08009990   0x00000030   Code   RO         2170    .text               mf_w.l(cdrcmple.o)
    0x080099c0   0x080099c0   0x00000038   Code   RO         2172    .text               mf_w.l(d2f.o)
    0x080099f8   0x080099f8   0x0000002c   Code   RO         2209    .text               mc_w.l(uidiv.o)
    0x08009a24   0x08009a24   0x00000062   Code   RO         2211    .text               mc_w.l(uldiv.o)
    0x08009a86   0x08009a86   0x0000001e   Code   RO         2213    .text               mc_w.l(llshl.o)
    0x08009aa4   0x08009aa4   0x00000020   Code   RO         2215    .text               mc_w.l(llushr.o)
    0x08009ac4   0x08009ac4   0x00000024   Code   RO         2217    .text               mc_w.l(llsshr.o)
    0x08009ae8   0x08009ae8   0x0000009c   Code   RO         2226    .text               mc_w.l(strtod.o)
    0x08009b84   0x08009b84   0x00000000   Code   RO         2228    .text               mc_w.l(iusefp.o)
    0x08009b84   0x08009b84   0x0000006e   Code   RO         2229    .text               mf_w.l(fepilogue.o)
    0x08009bf2   0x08009bf2   0x000000ba   Code   RO         2231    .text               mf_w.l(depilogue.o)
    0x08009cac   0x08009cac   0x000000a2   Code   RO         2233    .text               mf_w.l(dsqrt.o)
    0x08009d4e   0x08009d4e   0x00000030   Code   RO         2235    .text               mf_w.l(dfixul.o)
    0x08009d7e   0x08009d7e   0x00000002   PAD
    0x08009d80   0x08009d80   0x00000024   Code   RO         2237    .text               mc_w.l(init.o)
    0x08009da4   0x08009da4   0x0000000a   Code   RO         2239    .text               mc_w.l(isspace_c.o)
    0x08009dae   0x08009dae   0x00000002   PAD
    0x08009db0   0x08009db0   0x00000360   Code   RO         2241    .text               mc_w.l(scanf_fp.o)
    0x0800a110   0x0800a110   0x00000040   Code   RO         2245    .text               mc_w.l(_sgetc.o)
    0x0800a150   0x0800a150   0x00000028   Code   RO         2247    .text               mc_w.l(ctype_c.o)
    0x0800a178   0x0800a178   0x00000018   Code   RO         2250    .text               mf_w.l(dfltul.o)
    0x0800a190   0x0800a190   0x00000056   Code   RO         2260    .text               mc_w.l(__dczerorl2.o)
    0x0800a1e6   0x0800a1e6   0x00000002   PAD
    0x0800a1e8   0x0800a1e8   0x00000020   Code   RO         2129    i.__0printf         mc_w.l(printfa.o)
    0x0800a208   0x0800a208   0x00000034   Code   RO         2134    i.__0vsnprintf      mc_w.l(printfa.o)
    0x0800a23c   0x0800a23c   0x00000026   Code   RO         2174    i.__ARM_fpclassifyf  m_wm.l(fpclassifyf.o)
    0x0800a262   0x0800a262   0x00000006   PAD
    0x0800a268   0x0800a268   0x00000038   Code   RO         1829    i.__hardfp_atof     m_wm.l(atof.o)
    0x0800a2a0   0x0800a2a0   0x00000150   Code   RO         1835    i.__hardfp_cosf     m_wm.l(cosf.o)
    0x0800a3f0   0x0800a3f0   0x00000014   Code   RO         1847    i.__hardfp_fabs     m_wm.l(fabs.o)
    0x0800a404   0x0800a404   0x00000190   Code   RO         1853    i.__hardfp_sinf     m_wm.l(sinf.o)
    0x0800a594   0x0800a594   0x0000007a   Code   RO         1865    i.__hardfp_sqrt     m_wm.l(sqrt.o)
    0x0800a60e   0x0800a60e   0x0000003a   Code   RO         1877    i.__hardfp_sqrtf    m_wm.l(sqrtf.o)
    0x0800a648   0x0800a648   0x00000006   Code   RO         2177    i.__mathlib_flt_infnan  m_wm.l(funder.o)
    0x0800a64e   0x0800a64e   0x00000002   PAD
    0x0800a650   0x0800a650   0x00000010   Code   RO         2179    i.__mathlib_flt_invalid  m_wm.l(funder.o)
    0x0800a660   0x0800a660   0x00000010   Code   RO         2182    i.__mathlib_flt_underflow  m_wm.l(funder.o)
    0x0800a670   0x0800a670   0x00000154   Code   RO         2190    i.__mathlib_rredf2  m_wm.l(rredf.o)
    0x0800a7c4   0x0800a7c4   0x0000000c   Code   RO         2220    i.__read_errno      mc_w.l(errno.o)
    0x0800a7d0   0x0800a7d0   0x0000000e   Code   RO         2254    i.__scatterload_copy  mc_w.l(handlers.o)
    0x0800a7de   0x0800a7de   0x00000002   Code   RO         2255    i.__scatterload_null  mc_w.l(handlers.o)
    0x0800a7e0   0x0800a7e0   0x0000000e   Code   RO         2256    i.__scatterload_zeroinit  mc_w.l(handlers.o)
    0x0800a7ee   0x0800a7ee   0x00000002   PAD
    0x0800a7f0   0x0800a7f0   0x0000000c   Code   RO         2221    i.__set_errno       mc_w.l(errno.o)
    0x0800a7fc   0x0800a7fc   0x00000184   Code   RO         2136    i._fp_digits        mc_w.l(printfa.o)
    0x0800a980   0x0800a980   0x0000000e   Code   RO         2243    i._is_digit         mc_w.l(scanf_fp.o)
    0x0800a98e   0x0800a98e   0x00000002   PAD
    0x0800a990   0x0800a990   0x000006b4   Code   RO         2137    i._printf_core      mc_w.l(printfa.o)
    0x0800b044   0x0800b044   0x00000024   Code   RO         2138    i._printf_post_padding  mc_w.l(printfa.o)
    0x0800b068   0x0800b068   0x0000002e   Code   RO         2139    i._printf_pre_padding  mc_w.l(printfa.o)
    0x0800b096   0x0800b096   0x00000016   Code   RO         2140    i._snputc           mc_w.l(printfa.o)
    0x0800b0ac   0x0800b0ac   0x00001322   Data   RO         1313    .constdata          foc_utils.o
    0x0800c3ce   0x0800c3ce   0x00000002   PAD
    0x0800c3d0   0x0800c3d0   0x00000020   Data   RO         2191    .constdata          m_wm.l(rredf.o)
    0x0800c3f0   0x0800c3f0   0x00000040   Data   RO         2248    .constdata          mc_w.l(ctype_c.o)
    0x0800c430   0x0800c430   0x00000020   Data   RO         2252    Region$$Table       anon$$obj.o


    Execution Region RW_IRAM1 (Exec base: 0x20000000, Load base: 0x0800c450, Size: 0x00004fc8, Max: 0x00020000, ABSOLUTE, COMPRESSED[0x00000068])

    Exec Addr    Load Addr    Size         Type   Attr      Idx    E Section Name        Object

    0x20000000   COMPRESSED   0x0000001c   Data   RW            4    .data               main.o
    0x2000001c   COMPRESSED   0x00000014   Data   RW          302    .data               system_stm32f4xx.o
    0x20000030   COMPRESSED   0x00000010   Data   RW          873    .data               stm32f4xx_rcc.o
    0x20000040   COMPRESSED   0x00000012   Data   RW         1078    .data               protection.o
    0x20000052   COMPRESSED   0x00000002   PAD
    0x20000054   COMPRESSED   0x00000024   Data   RW         1122    .data               delay.o
    0x20000078   COMPRESSED   0x0000004c   Data   RW         1190    .data               adc.o
    0x200000c4   COMPRESSED   0x00000013   Data   RW         1222    .data               i2c.o
    0x200000d7   COMPRESSED   0x00000001   PAD
    0x200000d8   COMPRESSED   0x0000000c   Data   RW         1246    .data               usart0.o
    0x200000e4   COMPRESSED   0x00000008   Data   RW         1281    .data               usart2.o
    0x200000ec   COMPRESSED   0x00000029   Data   RW         1314    .data               foc_utils.o
    0x20000115   COMPRESSED   0x00000003   PAD
    0x20000118   COMPRESSED   0x0000000c   Data   RW         1368    .data               timer.o
    0x20000124   COMPRESSED   0x00000006   Data   RW         1419    .data               lowsidecurrentsense.o
    0x2000012a   COMPRESSED   0x00000002   PAD
    0x2000012c   COMPRESSED   0x00000064   Data   RW         1445    .data               bldcmotor.o
    0x20000190   COMPRESSED   0x00000030   Data   RW         1476    .data               currentsense.o
    0x200001c0   COMPRESSED   0x0000000c   Data   RW         1507    .data               as5600.o
    0x200001cc   COMPRESSED   0x00000014   Data   RW         1564    .data               tamagawa.o
    0x200001e0   COMPRESSED   0x0000002c   Data   RW         1591    .data               abz.o
    0x2000020c   COMPRESSED   0x00000034   Data   RW         1622    .data               orthpll.o
    0x20000240   COMPRESSED   0x00000011   Data   RW         1709    .data               user_para.o
    0x20000251   COMPRESSED   0x00000003   PAD
    0x20000254   COMPRESSED   0x00000009   Data   RW         1753    .data               top_pll.o
    0x2000025d   COMPRESSED   0x00000003   PAD
    0x20000260   COMPRESSED   0x00000028   Data   RW         1780    .data               fsm.o
    0x20000288   COMPRESSED   0x00000005   Data   RW         1806    .data               flash_pgy.o
    0x2000028d   COMPRESSED   0x00000003   PAD
    0x20000290   COMPRESSED   0x00000004   Data   RW         2222    .data               mc_w.l(errno.o)
    0x20000294        -       0x00000021   Zero   RW         1159    .bss                flashrw.o
    0x200002b5   COMPRESSED   0x00000001   PAD
    0x200002b6        -       0x00000018   Zero   RW         1189    .bss                adc.o
    0x200002ce        -       0x00000200   Zero   RW         1245    .bss                usart0.o
    0x200004ce   COMPRESSED   0x00000002   PAD
    0x200004d0        -       0x00000298   Zero   RW         1312    .bss                foc_utils.o
    0x20000768        -       0x00000018   Zero   RW         1418    .bss                lowsidecurrentsense.o
    0x20000780        -       0x00000030   Zero   RW         1506    .bss                as5600.o
    0x200007b0        -       0x00000023   Zero   RW         1563    .bss                tamagawa.o
    0x200007d3   COMPRESSED   0x00000001   PAD
    0x200007d4        -       0x000000c0   Zero   RW         1590    .bss                abz.o
    0x20000894        -       0x000001ec   Zero   RW         1621    .bss                orthpll.o
    0x20000a80        -       0x00000084   Zero   RW         1652    .bss                estimate.o
    0x20000b04        -       0x000004a8   Zero   RW         1752    .bss                top_pll.o
    0x20000fac        -       0x00000018   Zero   RW         1779    .bss                fsm.o
    0x20000fc4   COMPRESSED   0x00000004   PAD
    0x20000fc8        -       0x00004000   Zero   RW          325    STACK               startup_stm32f40_41xxx.o


==============================================================================

Image component sizes


      Code (inc. data)   RO Data    RW Data    ZI Data      Debug   Object Name

      1896        132          0         44        192       5759   abz.o
      2272        182          0         76         24      31927   adc.o
      1988        106          0         12         48       3835   as5600.o
      2632        202          0        100          0       3174   bldcmotor.o
       192         22          0         48          0       1768   currentsense.o
      1184        140          0         36          0      29113   delay.o
      1324         58          0          0        132       3417   estimate.o
       340         42          0          5          0       2089   flash_pgy.o
       720         60          0          0         33       3002   flashrw.o
       284          6       4898         41        664      26527   foc_utils.o
       976         96          0         40         24       1801   fsm.o
      1068         50          0         19          0       2784   i2c.o
       472         40          0          6         24       2908   lowsidecurrentsense.o
       524         86          0         28          0      89985   main.o
       224         20          0          0          0     247129   misc.o
        96         16          0          0          0        504   motorinit.o
      2908        176          0         52        492       8321   orthpll.o
       628          8          0          0          0       1751   pid.o
      1120        100          0         18          0       3398   protection.o
        36          8        392          0      16384        808   startup_stm32f40_41xxx.o
      1124         24          0          0          0      10770   stm32f4xx_adc.o
       936         32          0          0          0       6477   stm32f4xx_dma.o
       272         10          0          0          0       2371   stm32f4xx_exti.o
      1684         28          0          0          0       9506   stm32f4xx_flash.o
       660         44          0          0          0       4245   stm32f4xx_gpio.o
      1110         26          0          0          0       8759   stm32f4xx_i2c.o
        24          0          0          0          0       1106   stm32f4xx_it.o
        64          6          0          0          0       1325   stm32f4xx_iwdg.o
      1628         52          0         16          0      13096   stm32f4xx_rcc.o
       148         12          0          0          0       1825   stm32f4xx_syscfg.o
      3234         60          0          0          0      23096   stm32f4xx_tim.o
      1108         34          0          0          0       7968   stm32f4xx_usart.o
       528         46          0         20          0       1843   system_stm32f4xx.o
      1088        120          0         20         35       4103   tamagawa.o
       644         28          0         12          0       1958   timer.o
      1976        118          0          9       1192       4355   top_pll.o
       528         32          0         12        512      30386   usart0.o
         0          0          0          8          0        762   usart2.o
         0          0          0         17          0        380   user_para.o
       232         40          0          0          0        832   usermain.o

    ----------------------------------------------------------------------
     37876       2262       5324        656      19764     605163   Object Totals
         0          0         32          0          0          0   (incl. Generated)
         4          0          2         17          8          0   (incl. Padding)

    ----------------------------------------------------------------------

      Code (inc. data)   RO Data    RW Data    ZI Data      Debug   Library Member Name

        56         12          0          0          0        132   atof.o
       336         56          0          0          0        136   cosf.o
        20          0          0          0          0        124   fabs.o
        38          0          0          0          0        116   fpclassifyf.o
        38         12          0          0          0        348   funder.o
       340         24         32          0          0        160   rredf.o
       400         56          0          0          0        212   sinf.o
       122          0          0          0          0        148   sqrt.o
        58          0          0          0          0        136   sqrtf.o
        86          0          0          0          0          0   __dczerorl2.o
        64          0          0          0          0         84   _sgetc.o
        40          6         64          0          0         68   ctype_c.o
         0          0          0          0          0          0   entry.o
         0          0          0          0          0          0   entry10a.o
         0          0          0          0          0          0   entry11a.o
         4          0          0          0          0          0   entry12b.o
         8          4          0          0          0          0   entry2.o
         4          0          0          0          0          0   entry5.o
         0          0          0          0          0          0   entry7b.o
         0          0          0          0          0          0   entry8b.o
         8          4          0          0          0          0   entry9a.o
        24         12          0          4          0        136   errno.o
        30          0          0          0          0          0   handlers.o
        36          8          0          0          0         68   init.o
        10          0          0          0          0         68   isspace_c.o
         0          0          0          0          0          0   iusefp.o
        30          0          0          0          0         68   llshl.o
        36          0          0          0          0         68   llsshr.o
        32          0          0          0          0         68   llushr.o
        36          0          0          0          0        108   memseta.o
      2292         96          0          0          0        612   printfa.o
       878         12          0          0          0        216   scanf_fp.o
        24          0          0          0          0         76   strncpy.o
       156         12          0          0          0        120   strtod.o
        44          0          0          0          0         80   uidiv.o
        98          0          0          0          0         92   uldiv.o
        48          0          0          0          0         68   cdcmple.o
        48          0          0          0          0         68   cdrcmple.o
        56          0          0          0          0         88   d2f.o
       334          0          0          0          0        148   dadd.o
       222          0          0          0          0        100   ddiv.o
       186          0          0          0          0        176   depilogue.o
        62          0          0          0          0         80   dfixi.o
        48          0          0          0          0         68   dfixul.o
        26          0          0          0          0         76   dfltui.o
        24          0          0          0          0         76   dfltul.o
       228          0          0          0          0         96   dmul.o
       162          0          0          0          0        100   dsqrt.o
        38          0          0          0          0         68   f2d.o
       110          0          0          0          0        168   fepilogue.o

    ----------------------------------------------------------------------
      6960        314         96          4          0       4824   Library Totals
        20          0          0          0          0          0   (incl. Padding)

    ----------------------------------------------------------------------

      Code (inc. data)   RO Data    RW Data    ZI Data      Debug   Library Name

      1408        160         32          0          0       1512   m_wm.l
      3940        154         64          4          0       1932   mc_w.l
      1592          0          0          0          0       1380   mf_w.l

    ----------------------------------------------------------------------
      6960        314         96          4          0       4824   Library Totals

    ----------------------------------------------------------------------

==============================================================================


      Code (inc. data)   RO Data    RW Data    ZI Data      Debug   

     44836       2576       5420        660      19764     598655   Grand Totals
     44836       2576       5420        104      19764     598655   ELF Image Totals (compressed)
     44836       2576       5420        104          0          0   ROM Totals

==============================================================================

    Total RO  Size (Code + RO Data)                50256 (  49.08kB)
    Total RW  Size (RW Data + ZI Data)             20424 (  19.95kB)
    Total ROM Size (Code + RO Data + RW Data)      50360 (  49.18kB)

==============================================================================

