<html>
<body>
<pre>
<h1>µVision Build Log</h1>
<h2>Tool Versions:</h2>
IDE-Version: ¦ÌVision V5.37.0.0
Copyright (C) 2022 ARM Ltd and ARM Germany GmbH. All rights reserved.
License Information: 123 Administrator, 123, LIC=VGXG8-3Z5EN-KPYZY-IC5TI-MI3F4-6W5S7
 
Tool Versions:
Toolchain:       MDK-ARM Plus  Version: 5.37.0.0
Toolchain Path:  D:\Keil\ARM\ARMCC\Bin
C Compiler:      Armcc.exe V5.06 update 7 (build 960)
Assembler:       Armasm.exe V5.06 update 7 (build 960)
Linker/Locator:  ArmLink.exe V5.06 update 7 (build 960)
Library Manager: ArmAr.exe V5.06 update 7 (build 960)
Hex Converter:   FromElf.exe V5.06 update 7 (build 960)
CPU DLL:         SARMCM3.DLL V5.37.0.0
Dialog DLL:      DCM.DLL V1.17.5.0
Target DLL:      STLink\ST-LINKIII-KEIL_SWO.dll V3.0.9.0
Dialog DLL:      TCM.DLL V1.56.1.0
 
<h2>Project:</h2>
E:\Stm32_data\MotorV2\USER\THDZ_Motor.uvprojx
Project File Date:  05/15/2026

<h2>Output:</h2>
*** Using Compiler 'V5.06 update 7 (build 960)', folder: 'D:\Keil\ARM\ARMCC\Bin'
Build target 'THDZ_Motor'
compiling pid.c...
compiling lowpass_filter.c...
compiling foc_utils.c...
compiling Protection.c...
compiling FlashRW.c...
compiling delay.c...
compiling main.c...
compiling i2c.c...
compiling timer.c...
compiling lowsideCurrentsense.c...
compiling adc.c...
compiling BLDCMotor.c...
compiling CurrentSense.c...
compiling ABZ.c...
compiling MotorInit.c...
compiling Estimate.c...
compiling User_Para.c...
compiling AS5600.c...
compiling OrthPLL.c...
compiling tamagawa.c...
compiling MCU_Com.c...
compiling Usermain.c...
compiling FSM.c...
compiling TOP_PLL.c...
linking...
Program Size: Code=43436 RO-data=5420 RW-data=612 ZI-data=19740  
FromELF: creating hex file...
"..\THDZ_Motor\THDZ_MOTOR.axf" - 0 Error(s), 0 Warning(s).

<h2>Software Packages used:</h2>

Package Vendor: GigaDevice
                https://gd32mcu.com/data/documents/pack/GigaDevice.GD32F4xx_DFP.3.0.3.pack
                GigaDevice.GD32F4xx_DFP.3.0.3
                GigaDevice GD32F4xx Series Device Support and Examples

<h2>Collection of Component include folders:</h2>
  D:/Arm/Packs/GigaDevice/GD32F4xx_DFP/3.0.3/Device/F4XX/Include

<h2>Collection of Component Files used:</h2>
Build Time Elapsed:  00:00:02
</pre>
</body>
</html>
